Archive member included to satisfy reference by file (symbol)

C:/CLionToolchains/gcc-arm-none-eabi-10.3-2021.10/bin/../lib/gcc/arm-none-eabi/13.3.1/thumb/v7e-m+fp/hard\libgcc.a(_aeabi_uldivmod.o)
                              CMakeFiles/bubing_RM2025.elf.dir/Drivers/STM32F4xx_HAL_Driver/Src/stm32f4xx_hal_rcc.c.obj (__aeabi_uldivmod)
C:/CLionToolchains/gcc-arm-none-eabi-10.3-2021.10/bin/../lib/gcc/arm-none-eabi/13.3.1/thumb/v7e-m+fp/hard\libgcc.a(_udivmoddi4.o)
                              C:/CLionToolchains/gcc-arm-none-eabi-10.3-2021.10/bin/../lib/gcc/arm-none-eabi/13.3.1/thumb/v7e-m+fp/hard\libgcc.a(_aeabi_uldivmod.o) (__udivmoddi4)
C:/CLionToolchains/gcc-arm-none-eabi-10.3-2021.10/bin/../lib/gcc/arm-none-eabi/13.3.1/thumb/v7e-m+fp/hard\libgcc.a(_dvmd_tls.o)
                              C:/CLionToolchains/gcc-arm-none-eabi-10.3-2021.10/bin/../lib/gcc/arm-none-eabi/13.3.1/thumb/v7e-m+fp/hard\libgcc.a(_aeabi_uldivmod.o) (__aeabi_ldiv0)
C:/CLionToolchains/gcc-arm-none-eabi-10.3-2021.10/bin/../lib/gcc/arm-none-eabi/13.3.1/thumb/v7e-m+fp/hard\libg.a(libc_a-exit.o)
                              C:/CLionToolchains/gcc-arm-none-eabi-10.3-2021.10/bin/../lib/gcc/arm-none-eabi/13.3.1/thumb/v7e-m+fp/hard/crt0.o (exit)
C:/CLionToolchains/gcc-arm-none-eabi-10.3-2021.10/bin/../lib/gcc/arm-none-eabi/13.3.1/thumb/v7e-m+fp/hard\libg.a(libc_a-findfp.o)
                              CMakeFiles/bubing_RM2025.elf.dir/Middlewares/Third_Party/FreeRTOS/Source/tasks.c.obj (__sf)
C:/CLionToolchains/gcc-arm-none-eabi-10.3-2021.10/bin/../lib/gcc/arm-none-eabi/13.3.1/thumb/v7e-m+fp/hard\libg.a(libc_a-fwalk.o)
                              C:/CLionToolchains/gcc-arm-none-eabi-10.3-2021.10/bin/../lib/gcc/arm-none-eabi/13.3.1/thumb/v7e-m+fp/hard\libg.a(libc_a-findfp.o) (_fwalk_sglue)
C:/CLionToolchains/gcc-arm-none-eabi-10.3-2021.10/bin/../lib/gcc/arm-none-eabi/13.3.1/thumb/v7e-m+fp/hard\libg.a(libc_a-stdio.o)
                              C:/CLionToolchains/gcc-arm-none-eabi-10.3-2021.10/bin/../lib/gcc/arm-none-eabi/13.3.1/thumb/v7e-m+fp/hard\libg.a(libc_a-findfp.o) (__sread)
C:/CLionToolchains/gcc-arm-none-eabi-10.3-2021.10/bin/../lib/gcc/arm-none-eabi/13.3.1/thumb/v7e-m+fp/hard\libg.a(libc_a-vsprintf.o)
                              CMakeFiles/bubing_RM2025.elf.dir/code_mf/Src/uart_printf.c.obj (vsprintf)
C:/CLionToolchains/gcc-arm-none-eabi-10.3-2021.10/bin/../lib/gcc/arm-none-eabi/13.3.1/thumb/v7e-m+fp/hard\libg.a(libc_a-memset.o)
                              C:/CLionToolchains/gcc-arm-none-eabi-10.3-2021.10/bin/../lib/gcc/arm-none-eabi/13.3.1/thumb/v7e-m+fp/hard/crt0.o (memset)
C:/CLionToolchains/gcc-arm-none-eabi-10.3-2021.10/bin/../lib/gcc/arm-none-eabi/13.3.1/thumb/v7e-m+fp/hard\libg.a(libc_a-closer.o)
                              C:/CLionToolchains/gcc-arm-none-eabi-10.3-2021.10/bin/../lib/gcc/arm-none-eabi/13.3.1/thumb/v7e-m+fp/hard\libg.a(libc_a-stdio.o) (_close_r)
C:/CLionToolchains/gcc-arm-none-eabi-10.3-2021.10/bin/../lib/gcc/arm-none-eabi/13.3.1/thumb/v7e-m+fp/hard\libg.a(libc_a-reent.o)
                              CMakeFiles/bubing_RM2025.elf.dir/Middlewares/Third_Party/FreeRTOS/Source/tasks.c.obj (_reclaim_reent)
C:/CLionToolchains/gcc-arm-none-eabi-10.3-2021.10/bin/../lib/gcc/arm-none-eabi/13.3.1/thumb/v7e-m+fp/hard\libg.a(libc_a-impure.o)
                              CMakeFiles/bubing_RM2025.elf.dir/Middlewares/Third_Party/FreeRTOS/Source/tasks.c.obj (_impure_ptr)
C:/CLionToolchains/gcc-arm-none-eabi-10.3-2021.10/bin/../lib/gcc/arm-none-eabi/13.3.1/thumb/v7e-m+fp/hard\libg.a(libc_a-lseekr.o)
                              C:/CLionToolchains/gcc-arm-none-eabi-10.3-2021.10/bin/../lib/gcc/arm-none-eabi/13.3.1/thumb/v7e-m+fp/hard\libg.a(libc_a-stdio.o) (_lseek_r)
C:/CLionToolchains/gcc-arm-none-eabi-10.3-2021.10/bin/../lib/gcc/arm-none-eabi/13.3.1/thumb/v7e-m+fp/hard\libg.a(libc_a-readr.o)
                              C:/CLionToolchains/gcc-arm-none-eabi-10.3-2021.10/bin/../lib/gcc/arm-none-eabi/13.3.1/thumb/v7e-m+fp/hard\libg.a(libc_a-stdio.o) (_read_r)
C:/CLionToolchains/gcc-arm-none-eabi-10.3-2021.10/bin/../lib/gcc/arm-none-eabi/13.3.1/thumb/v7e-m+fp/hard\libg.a(libc_a-writer.o)
                              C:/CLionToolchains/gcc-arm-none-eabi-10.3-2021.10/bin/../lib/gcc/arm-none-eabi/13.3.1/thumb/v7e-m+fp/hard\libg.a(libc_a-stdio.o) (_write_r)
C:/CLionToolchains/gcc-arm-none-eabi-10.3-2021.10/bin/../lib/gcc/arm-none-eabi/13.3.1/thumb/v7e-m+fp/hard\libg.a(libc_a-errno.o)
                              CMakeFiles/bubing_RM2025.elf.dir/Core/Src/syscalls.c.obj (__errno)
C:/CLionToolchains/gcc-arm-none-eabi-10.3-2021.10/bin/../lib/gcc/arm-none-eabi/13.3.1/thumb/v7e-m+fp/hard\libg.a(libc_a-init.o)
                              C:/CLionToolchains/gcc-arm-none-eabi-10.3-2021.10/bin/../lib/gcc/arm-none-eabi/13.3.1/thumb/v7e-m+fp/hard/crt0.o (__libc_init_array)
C:/CLionToolchains/gcc-arm-none-eabi-10.3-2021.10/bin/../lib/gcc/arm-none-eabi/13.3.1/thumb/v7e-m+fp/hard\libg.a(libc_a-lock.o)
[...]
Memory Configuration

Name             Origin             Length             Attributes
CCMRAM           0x10000000         0x00010000         xrw
RAM              0x20000000         0x00020000         xrw
FLASH            0x08000000         0x00100000         xr
*default*        0x00000000         0xffffffff

Linker script and memory map

LOAD C:/CLionToolchains/gcc-arm-none-eabi-10.3-2021.10/bin/../lib/gcc/arm-none-eabi/13.3.1/thumb/v7e-m+fp/hard/crti.o
LOAD C:/CLionToolchains/gcc-arm-none-eabi-10.3-2021.10/bin/../lib/gcc/arm-none-eabi/13.3.1/thumb/v7e-m+fp/hard/crtbegin.o
LOAD C:/CLionToolchains/gcc-arm-none-eabi-10.3-2021.10/bin/../lib/gcc/arm-none-eabi/13.3.1/thumb/v7e-m+fp/hard/crt0.o
LOAD CMakeFiles/bubing_RM2025.elf.dir/Core/Src/can.c.obj
LOAD CMakeFiles/bubing_RM2025.elf.dir/Core/Src/dma.c.obj
LOAD CMakeFiles/bubing_RM2025.elf.dir/Core/Src/freertos.c.obj
LOAD CMakeFiles/bubing_RM2025.elf.dir/Core/Src/gpio.c.obj
LOAD CMakeFiles/bubing_RM2025.elf.dir/Core/Src/main.c.obj
LOAD CMakeFiles/bubing_RM2025.elf.dir/Core/Src/spi.c.obj
LOAD CMakeFiles/bubing_RM2025.elf.dir/Core/Src/stm32f4xx_hal_msp.c.obj
LOAD CMakeFiles/bubing_RM2025.elf.dir/Core/Src/stm32f4xx_hal_timebase_tim.c.obj
LOAD CMakeFiles/bubing_RM2025.elf.dir/Core/Src/stm32f4xx_it.c.obj
LOAD CMakeFiles/bubing_RM2025.elf.dir/Core/Src/syscalls.c.obj
LOAD CMakeFiles/bubing_RM2025.elf.dir/Core/Src/sysmem.c.obj
LOAD CMakeFiles/bubing_RM2025.elf.dir/Core/Src/system_stm32f4xx.c.obj
LOAD CMakeFiles/bubing_RM2025.elf.dir/Core/Src/tim.c.obj
LOAD CMakeFiles/bubing_RM2025.elf.dir/Core/Src/usart.c.obj
LOAD CMakeFiles/bubing_RM2025.elf.dir/Core/Startup/startup_stm32f407ighx.s.obj
LOAD CMakeFiles/bubing_RM2025.elf.dir/Drivers/STM32F4xx_HAL_Driver/Src/stm32f4xx_hal.c.obj
LOAD CMakeFiles/bubing_RM2025.elf.dir/Drivers/STM32F4xx_HAL_Driver/Src/stm32f4xx_hal_can.c.obj
LOAD CMakeFiles/bubing_RM2025.elf.dir/Drivers/STM32F4xx_HAL_Driver/Src/stm32f4xx_hal_cortex.c.obj
LOAD CMakeFiles/bubing_RM2025.elf.dir/Drivers/STM32F4xx_HAL_Driver/Src/stm32f4xx_hal_dma.c.obj
LOAD CMakeFiles/bubing_RM2025.elf.dir/Drivers/STM32F4xx_HAL_Driver/Src/stm32f4xx_hal_dma_ex.c.obj
LOAD CMakeFiles/bubing_RM2025.elf.dir/Drivers/STM32F4xx_HAL_Driver/Src/stm32f4xx_hal_exti.c.obj
LOAD CMakeFiles/bubing_RM2025.elf.dir/Drivers/STM32F4xx_HAL_Driver/Src/stm32f4xx_hal_flash.c.obj
LOAD CMakeFiles/bubing_RM2025.elf.dir/Drivers/STM32F4xx_HAL_Driver/Src/stm32f4xx_hal_flash_ex.c.obj
LOAD CMakeFiles/bubing_RM2025.elf.dir/Drivers/STM32F4xx_HAL_Driver/Src/stm32f4xx_hal_flash_ramfunc.c.obj
LOAD CMakeFiles/bubing_RM2025.elf.dir/Drivers/STM32F4xx_HAL_Driver/Src/stm32f4xx_hal_gpio.c.obj
LOAD CMakeFiles/bubing_RM2025.elf.dir/Drivers/STM32F4xx_HAL_Driver/Src/stm32f4xx_hal_pwr.c.obj
LOAD CMakeFiles/bubing_RM2025.elf.dir/Drivers/STM32F4xx_HAL_Driver/Src/stm32f4xx_hal_pwr_ex.c.obj
LOAD CMakeFiles/bubing_RM2025.elf.dir/Drivers/STM32F4xx_HAL_Driver/Src/stm32f4xx_hal_rcc.c.obj
LOAD CMakeFiles/bubing_RM2025.elf.dir/Drivers/STM32F4xx_HAL_Driver/Src/stm32f4xx_hal_rcc_ex.c.obj
LOAD CMakeFiles/bubing_RM2025.elf.dir/Drivers/STM32F4xx_HAL_Driver/Src/stm32f4xx_hal_spi.c.obj
LOAD CMakeFiles/bubing_RM2025.elf.dir/Drivers/STM32F4xx_HAL_Driver/Src/stm32f4xx_hal_tim.c.obj
LOAD CMakeFiles/bubing_RM2025.elf.dir/Drivers/STM32F4xx_HAL_Driver/Src/stm32f4xx_hal_tim_ex.c.obj
LOAD CMakeFiles/bubing_RM2025.elf.dir/Drivers/STM32F4xx_HAL_Driver/Src/stm32f4xx_hal_uart.c.obj
LOAD CMakeFiles/bubing_RM2025.elf.dir/Middlewares/Third_Party/FreeRTOS/Source/CMSIS_RTOS/cmsis_os.c.obj
LOAD CMakeFiles/bubing_RM2025.elf.dir/Middlewares/Third_Party/FreeRTOS/Source/croutine.c.obj
LOAD CMakeFiles/bubing_RM2025.elf.dir/Middlewares/Third_Party/FreeRTOS/Source/event_groups.c.obj
LOAD CMakeFiles/bubing_RM2025.elf.dir/Middlewares/Third_Party/FreeRTOS/Source/list.c.obj
LOAD CMakeFiles/bubing_RM2025.elf.dir/Middlewares/Third_Party/FreeRTOS/Source/portable/GCC/ARM_CM4F/port.c.obj
LOAD CMakeFiles/bubing_RM2025.elf.dir/Middlewares/Third_Party/FreeRTOS/Source/portable/MemMang/heap_4.c.obj
LOAD CMakeFiles/bubing_RM2025.elf.dir/Middlewares/Third_Party/FreeRTOS/Source/queue.c.obj
LOAD CMakeFiles/bubing_RM2025.elf.dir/Middlewares/Third_Party/FreeRTOS/Source/stream_buffer.c.obj
LOAD CMakeFiles/bubing_RM2025.elf.dir/Middlewares/Third_Party/FreeRTOS/Source/tasks.c.obj
LOAD CMakeFiles/bubing_RM2025.elf.dir/Middlewares/Third_Party/FreeRTOS/Source/timers.c.obj
LOAD CMakeFiles/bubing_RM2025.elf.dir/code_mf/Src/CAN_receive.c.obj
LOAD CMakeFiles/bubing_RM2025.elf.dir/code_mf/Src/DM_MOTOR_TASK.c.obj
LOAD CMakeFiles/bubing_RM2025.elf.dir/code_mf/Src/board_LED.c.obj
LOAD CMakeFiles/bubing_RM2025.elf.dir/code_mf/Src/bsp_can.c.obj
LOAD CMakeFiles/bubing_RM2025.elf.dir/code_mf/Src/bsp_rc.c.obj
LOAD CMakeFiles/bubing_RM2025.elf.dir/code_mf/Src/can_sent.c.obj
LOAD CMakeFiles/bubing_RM2025.elf.dir/code_mf/Src/dm_motor.c.obj
LOAD CMakeFiles/bubing_RM2025.elf.dir/code_mf/Src/get_rc.c.obj
LOAD CMakeFiles/bubing_RM2025.elf.dir/code_mf/Src/pid.c.obj
LOAD CMakeFiles/bubing_RM2025.elf.dir/code_mf/Src/remote_control.c.obj
LOAD CMakeFiles/bubing_RM2025.elf.dir/code_mf/Src/uart_printf.c.obj
LOAD CMakeFiles/bubing_RM2025.elf.dir/code_mf/Src/uart_sent.c.obj
START GROUP
LOAD C:/CLionToolchains/gcc-arm-none-eabi-10.3-2021.10/bin/../lib/gcc/arm-none-eabi/13.3.1/thumb/v7e-m+fp/hard\libgcc.a
LOAD C:/CLionToolchains/gcc-arm-none-eabi-10.3-2021.10/bin/../lib/gcc/arm-none-eabi/13.3.1/thumb/v7e-m+fp/hard\libg.a
LOAD C:/CLionToolchains/gcc-arm-none-eabi-10.3-2021.10/bin/../lib/gcc/arm-none-eabi/13.3.1/thumb/v7e-m+fp/hard\libc.a
END GROUP
LOAD C:/CLionToolchains/gcc-arm-none-eabi-10.3-2021.10/bin/../lib/gcc/arm-none-eabi/13.3.1/thumb/v7e-m+fp/hard/crtend.o
LOAD C:/CLionToolchains/gcc-arm-none-eabi-10.3-2021.10/bin/../lib/gcc/arm-none-eabi/13.3.1/thumb/v7e-m+fp/hard/crtn.o
                0x20020000                        _estack = (ORIGIN (RAM) + LENGTH (RAM))
                0x00000200                        _Min_Heap_Size = 0x200
                0x00000400                        _Min_Stack_Size = 0x400

.isr_vector     0x08000000      0x188
                0x08000000                        . = ALIGN (0x4)
 *(.isr_vector)
 .isr_vector    0x08000000      0x188 CMakeFiles/bubing_RM2025.elf.dir/Core/Startup/startup_stm32f407ighx.s.obj
                0x08000000                g_pfnVectors
                0x08000188                        . = ALIGN (0x4)

.text           0x080001c0     0xbe90
                0x080001c0                        . = ALIGN (0x4)
 *(.text)
 .text          0x080001c0       0x30 C:/CLionToolchains/gcc-arm-none-eabi-10.3-2021.10/bin/../lib/gcc/arm-none-eabi/13.3.1/thumb/v7e-m+fp/hard\libgcc.a(_aeabi_uldivmod.o)
                0x080001c0                __aeabi_uldivmod
 .text          0x080001f0        0x4 C:/CLionToolchains/gcc-arm-none-eabi-10.3-2021.10/bin/../lib/gcc/arm-none-eabi/13.3.1/thumb/v7e-m+fp/hard\libgcc.a(_dvmd_tls.o)
                0x080001f0                __aeabi_idiv0
                0x080001f0                __aeabi_ldiv0
 .text          0x080001f4      0x134 C:/CLionToolchains/gcc-arm-none-eabi-10.3-2021.10/bin/../lib/gcc/arm-none-eabi/13.3.1/thumb/v7e-m+fp/hard\libg.a(libc_a-memcpy.o)
                0x080001f4                memcpy
 *fill*         0x08000328        0x8 
 .text          0x08000330       0xa0 C:/CLionToolchains/gcc-arm-none-eabi-10.3-2021.10/bin/../lib/gcc/arm-none-eabi/13.3.1/thumb/v7e-m+fp/hard\libg.a(libc_a-memchr.o)
                0x08000330                memchr
 *fill*         0x080003d0       0x30 
 .text          0x08000400       0xd8 C:/CLionToolchains/gcc-arm-none-eabi-10.3-2021.10/bin/../lib/gcc/arm-none-eabi/13.3.1/thumb/v7e-m+fp/hard\libg.a(libc_a-strlen.o)
                0x08000400                strlen
 .text          0x080004d8      0x378 C:/CLionToolchains/gcc-arm-none-eabi-10.3-2021.10/bin/../lib/gcc/arm-none-eabi/13.3.1/thumb/v7e-m+fp/hard\libgcc.a(_arm_addsubdf3.o)
                0x080004d8                __aeabi_drsub
                0x080004e0                __aeabi_dsub
                0x080004e0                __subdf3
                0x080004e4                __aeabi_dadd
                0x080004e4                __adddf3
                0x0800075c                __floatunsidf
                0x0800075c                __aeabi_ui2d
                0x0800077c                __floatsidf
                0x0800077c                __aeabi_i2d
                0x080007a0                __aeabi_f2d
                0x080007a0                __extendsfdf2
                0x080007e4                __floatundidf
                0x080007e4                __aeabi_ul2d
                0x080007f4                __floatdidf
                0x080007f4                __aeabi_l2d
 .text          0x08000850      0x424 C:/CLionToolchains/gcc-arm-none-eabi-10.3-2021.10/bin/../lib/gcc/arm-none-eabi/13.3.1/thumb/v7e-m+fp/hard\libgcc.a(_arm_muldivdf3.o)
                0x08000850                __aeabi_dmul
                0x08000850                __muldf3
                0x08000aa4                __divdf3
                0x08000aa4                __aeabi_ddiv
 .text          0x08000c74      0x110 C:/CLionToolchains/gcc-arm-none-eabi-10.3-2021.10/bin/../lib/gcc/arm-none-eabi/13.3.1/thumb/v7e-m+fp/hard\libgcc.a(_arm_cmpdf2.o)
                0x08000c74                __gtdf2
                0x08000c74                __gedf2
                0x08000c7c                __ltdf2
                0x08000c7c                __ledf2
                0x08000c84                __nedf2
                0x08000c84                __eqdf2
                0x08000c84                __cmpdf2
                0x08000d00                __aeabi_cdrcmple
                0x08000d10                __aeabi_cdcmpeq
                0x08000d10                __aeabi_cdcmple
                0x08000d20                __aeabi_dcmpeq
                0x08000d34                __aeabi_dcmplt
                0x08000d48                __aeabi_dcmple
                0x08000d5c                __aeabi_dcmpge
                0x08000d70                __aeabi_dcmpgt
 .text          0x08000d84       0x2c C:/CLionToolchains/gcc-arm-none-eabi-10.3-2021.10/bin/../lib/gcc/arm-none-eabi/13.3.1/thumb/v7e-m+fp/hard\libgcc.a(_arm_unorddf2.o)
                0x08000d84                __unorddf2
                0x08000d84                __aeabi_dcmpun
 .text          0x08000db0       0x50 C:/CLionToolchains/gcc-arm-none-eabi-10.3-2021.10/bin/../lib/gcc/arm-none-eabi/13.3.1/thumb/v7e-m+fp/hard\libgcc.a(_arm_fixdfsi.o)
                0x08000db0                __aeabi_d2iz
                0x08000db0                __fixdfsi
 *(.text*)
 .text.deregister_tm_clones
                0x08000e00       0x1c C:/CLionToolchains/gcc-arm-none-eabi-10.3-2021.10/bin/../lib/gcc/arm-none-eabi/13.3.1/thumb/v7e-m+fp/hard/crtbegin.o
 .text.register_tm_clones
                0x08000e1c       0x24 C:/CLionToolchains/gcc-arm-none-eabi-10.3-2021.10/bin/../lib/gcc/arm-none-eabi/13.3.1/thumb/v7e-m+fp/hard/crtbegin.o
 .text.__do_global_dtors_aux
                0x08000e40       0x28 C:/CLionToolchains/gcc-arm-none-eabi-10.3-2021.10/bin/../lib/gcc/arm-none-eabi/13.3.1/thumb/v7e-m+fp/hard/crtbegin.o
 .text.frame_dummy
                0x08000e68       0x24 C:/CLionToolchains/gcc-arm-none-eabi-10.3-2021.10/bin/../lib/gcc/arm-none-eabi/13.3.1/thumb/v7e-m+fp/hard/crtbegin.o
 .text.MX_CAN1_Init
                0x08000e8c       0x40 CMakeFiles/bubing_RM2025.elf.dir/Core/Src/can.c.obj
                0x08000e8c                MX_CAN1_Init
 .text.MX_CAN2_Init
                0x08000ecc       0x40 CMakeFiles/bubing_RM2025.elf.dir/Core/Src/can.c.obj
                0x08000ecc                MX_CAN2_Init
 .text.HAL_CAN_MspInit
                0x08000f0c      0x140 CMakeFiles/bubing_RM2025.elf.dir/Core/Src/can.c.obj
                0x08000f0c                HAL_CAN_MspInit
 .text.MX_DMA_Init
                0x0800104c       0x88 CMakeFiles/bubing_RM2025.elf.dir/Core/Src/dma.c.obj
                0x0800104c                MX_DMA_Init
 .text.StartDefaultTask
                0x080010d4        0xa CMakeFiles/bubing_RM2025.elf.dir/Core/Src/freertos.c.obj
                0x080010d4                StartDefaultTask
 *fill*         0x080010de        0x2 
 .text.vApplicationGetIdleTaskMemory
                0x080010e0       0x18 CMakeFiles/bubing_RM2025.elf.dir/Core/Src/freertos.c.obj
                0x080010e0                vApplicationGetIdleTaskMemory
 .text.MX_FREERTOS_Init
                0x080010f8       0xfc CMakeFiles/bubing_RM2025.elf.dir/Core/Src/freertos.c.obj
                0x080010f8                MX_FREERTOS_Init
 .text.MX_GPIO_Init
                0x080011f4      0x144 CMakeFiles/bubing_RM2025.elf.dir/Core/Src/gpio.c.obj
                0x080011f4                MX_GPIO_Init
 .text.HAL_TIM_PeriodElapsedCallback
                0x08001338       0x18 CMakeFiles/bubing_RM2025.elf.dir/Core/Src/main.c.obj
                0x08001338                HAL_TIM_PeriodElapsedCallback
 .text.Error_Handler
                0x08001350        0x4 CMakeFiles/bubing_RM2025.elf.dir/Core/Src/main.c.obj
                0x08001350                Error_Handler
 .text.SystemClock_Config
                0x08001354       0xa8 CMakeFiles/bubing_RM2025.elf.dir/Core/Src/main.c.obj
                0x08001354                SystemClock_Config
 .text.main     0x080013fc       0x54 CMakeFiles/bubing_RM2025.elf.dir/Core/Src/main.c.obj
                0x080013fc                main
 .text.MX_SPI1_Init
                0x08001450       0x48 CMakeFiles/bubing_RM2025.elf.dir/Core/Src/spi.c.obj
                0x08001450                MX_SPI1_Init
 .text.HAL_SPI_MspInit
                0x08001498       0x98 CMakeFiles/bubing_RM2025.elf.dir/Core/Src/spi.c.obj
                0x08001498                HAL_SPI_MspInit
 .text.HAL_MspInit
                0x08001530       0x44 CMakeFiles/bubing_RM2025.elf.dir/Core/Src/stm32f4xx_hal_msp.c.obj
                0x08001530                HAL_MspInit
 .text.HAL_InitTick
                0x08001574       0xa4 CMakeFiles/bubing_RM2025.elf.dir/Core/Src/stm32f4xx_hal_timebase_tim.c.obj
                0x08001574                HAL_InitTick
 .text.NMI_Handler
                0x08001618        0x2 CMakeFiles/bubing_RM2025.elf.dir/Core/Src/stm32f4xx_it.c.obj
                0x08001618                NMI_Handler
 .text.HardFault_Handler
                0x0800161a        0x2 CMakeFiles/bubing_RM2025.elf.dir/Core/Src/stm32f4xx_it.c.obj
                0x0800161a                HardFault_Handler
 .text.MemManage_Handler
                0x0800161c        0x2 CMakeFiles/bubing_RM2025.elf.dir/Core/Src/stm32f4xx_it.c.obj
                0x0800161c                MemManage_Handler
 .text.BusFault_Handler
                0x0800161e        0x2 CMakeFiles/bubing_RM2025.elf.dir/Core/Src/stm32f4xx_it.c.obj
                0x0800161e                BusFault_Handler
 .text.UsageFault_Handler
                0x08001620        0x2 CMakeFiles/bubing_RM2025.elf.dir/Core/Src/stm32f4xx_it.c.obj
                0x08001620                UsageFault_Handler
 .text.DebugMon_Handler
                0x08001622        0x2 CMakeFiles/bubing_RM2025.elf.dir/Core/Src/stm32f4xx_it.c.obj
                0x08001622                DebugMon_Handler
 .text.DMA1_Stream1_IRQHandler
                0x08001624       0x10 CMakeFiles/bubing_RM2025.elf.dir/Core/Src/stm32f4xx_it.c.obj
                0x08001624                DMA1_Stream1_IRQHandler
 .text.CAN1_RX0_IRQHandler
                0x08001634       0x10 CMakeFiles/bubing_RM2025.elf.dir/Core/Src/stm32f4xx_it.c.obj
                0x08001634                CAN1_RX0_IRQHandler
 .text.CAN1_RX1_IRQHandler
                0x08001644       0x10 CMakeFiles/bubing_RM2025.elf.dir/Core/Src/stm32f4xx_it.c.obj
                0x08001644                CAN1_RX1_IRQHandler
 .text.USART1_IRQHandler
                0x08001654       0x10 CMakeFiles/bubing_RM2025.elf.dir/Core/Src/stm32f4xx_it.c.obj
                0x08001654                USART1_IRQHandler
 .text.TIM7_IRQHandler
                0x08001664       0x10 CMakeFiles/bubing_RM2025.elf.dir/Core/Src/stm32f4xx_it.c.obj
                0x08001664                TIM7_IRQHandler
 .text.DMA2_Stream1_IRQHandler
                0x08001674       0x10 CMakeFiles/bubing_RM2025.elf.dir/Core/Src/stm32f4xx_it.c.obj
                0x08001674                DMA2_Stream1_IRQHandler
 .text.DMA2_Stream2_IRQHandler
                0x08001684       0x10 CMakeFiles/bubing_RM2025.elf.dir/Core/Src/stm32f4xx_it.c.obj
                0x08001684                DMA2_Stream2_IRQHandler
 .text.CAN2_RX0_IRQHandler
                0x08001694       0x10 CMakeFiles/bubing_RM2025.elf.dir/Core/Src/stm32f4xx_it.c.obj
                0x08001694                CAN2_RX0_IRQHandler
 .text.CAN2_RX1_IRQHandler
                0x080016a4       0x10 CMakeFiles/bubing_RM2025.elf.dir/Core/Src/stm32f4xx_it.c.obj
                0x080016a4                CAN2_RX1_IRQHandler
 .text.DMA2_Stream6_IRQHandler
                0x080016b4       0x10 CMakeFiles/bubing_RM2025.elf.dir/Core/Src/stm32f4xx_it.c.obj
                0x080016b4                DMA2_Stream6_IRQHandler
 .text.DMA2_Stream7_IRQHandler
                0x080016c4       0x10 CMakeFiles/bubing_RM2025.elf.dir/Core/Src/stm32f4xx_it.c.obj
                0x080016c4                DMA2_Stream7_IRQHandler
 .text.USART6_IRQHandler
                0x080016d4       0x10 CMakeFiles/bubing_RM2025.elf.dir/Core/Src/stm32f4xx_it.c.obj
                0x080016d4                USART6_IRQHandler
 .text._getpid  0x080016e4        0x4 CMakeFiles/bubing_RM2025.elf.dir/Core/Src/syscalls.c.obj
                0x080016e4                _getpid
 .text._kill    0x080016e8       0x10 CMakeFiles/bubing_RM2025.elf.dir/Core/Src/syscalls.c.obj
                0x080016e8                _kill
 .text._exit    0x080016f8        0xc CMakeFiles/bubing_RM2025.elf.dir/Core/Src/syscalls.c.obj
                0x080016f8                _exit
 .text._read    0x08001704       0x20 CMakeFiles/bubing_RM2025.elf.dir/Core/Src/syscalls.c.obj
                0x08001704                _read
 .text._write   0x08001724       0x1c CMakeFiles/bubing_RM2025.elf.dir/Core/Src/syscalls.c.obj
                0x08001724                _write
 .text._close   0x08001740        0x6 CMakeFiles/bubing_RM2025.elf.dir/Core/Src/syscalls.c.obj
                0x08001740                _close
 .text._fstat   0x08001746        0xa CMakeFiles/bubing_RM2025.elf.dir/Core/Src/syscalls.c.obj
                0x08001746                _fstat
 .text._isatty  0x08001750        0x4 CMakeFiles/bubing_RM2025.elf.dir/Core/Src/syscalls.c.obj
                0x08001750                _isatty
 .text._lseek   0x08001754        0x4 CMakeFiles/bubing_RM2025.elf.dir/Core/Src/syscalls.c.obj
                0x08001754                _lseek
 .text._sbrk    0x08001758       0x48 CMakeFiles/bubing_RM2025.elf.dir/Core/Src/sysmem.c.obj
                0x08001758                _sbrk
 .text.SystemInit
                0x080017a0       0x14 CMakeFiles/bubing_RM2025.elf.dir/Core/Src/system_stm32f4xx.c.obj
                0x080017a0                SystemInit
 .text.HAL_TIM_Base_MspInit
                0x080017b4       0x54 CMakeFiles/bubing_RM2025.elf.dir/Core/Src/tim.c.obj
                0x080017b4                HAL_TIM_Base_MspInit
 .text.HAL_TIM_MspPostInit
                0x08001808       0xc0 CMakeFiles/bubing_RM2025.elf.dir/Core/Src/tim.c.obj
                0x08001808                HAL_TIM_MspPostInit
 .text.MX_TIM1_Init
                0x080018c8      0x124 CMakeFiles/bubing_RM2025.elf.dir/Core/Src/tim.c.obj
                0x080018c8                MX_TIM1_Init
 .text.MX_TIM8_Init
                0x080019ec      0x110 CMakeFiles/bubing_RM2025.elf.dir/Core/Src/tim.c.obj
                0x080019ec                MX_TIM8_Init
 .text.MX_USART1_UART_Init
                0x08001afc       0x34 CMakeFiles/bubing_RM2025.elf.dir/Core/Src/usart.c.obj
                0x08001afc                MX_USART1_UART_Init
 .text.MX_USART3_UART_Init
                0x08001b30       0x3c CMakeFiles/bubing_RM2025.elf.dir/Core/Src/usart.c.obj
                0x08001b30                MX_USART3_UART_Init
 .text.MX_USART6_UART_Init
                0x08001b6c       0x34 CMakeFiles/bubing_RM2025.elf.dir/Core/Src/usart.c.obj
                0x08001b6c                MX_USART6_UART_Init
 .text.HAL_UART_MspInit
                0x08001ba0      0x2d4 CMakeFiles/bubing_RM2025.elf.dir/Core/Src/usart.c.obj
                0x08001ba0                HAL_UART_MspInit
 .text.Reset_Handler
                0x08001e74       0x50 CMakeFiles/bubing_RM2025.elf.dir/Core/Startup/startup_stm32f407ighx.s.obj
                0x08001e74                Reset_Handler
 .text.Default_Handler
                0x08001ec4        0x2 CMakeFiles/bubing_RM2025.elf.dir/Core/Startup/startup_stm32f407ighx.s.obj
                0x08001ec4                RTC_Alarm_IRQHandler
                0x08001ec4                HASH_RNG_IRQHandler
                0x08001ec4                EXTI2_IRQHandler
                0x08001ec4                TIM8_CC_IRQHandler
                0x08001ec4                TIM1_CC_IRQHandler
                0x08001ec4                DMA2_Stream5_IRQHandler
                0x08001ec4                DMA1_Stream5_IRQHandler
                0x08001ec4                PVD_IRQHandler
                0x08001ec4                SDIO_IRQHandler
                0x08001ec4                TAMP_STAMP_IRQHandler
                0x08001ec4                EXTI3_IRQHandler
                0x08001ec4                TIM8_TRG_COM_TIM14_IRQHandler
                0x08001ec4                TIM1_UP_TIM10_IRQHandler
                0x08001ec4                TIM8_UP_TIM13_IRQHandler
                0x08001ec4                I2C3_ER_IRQHandler
                0x08001ec4                EXTI0_IRQHandler
                0x08001ec4                I2C2_EV_IRQHandler
                0x08001ec4                DMA1_Stream2_IRQHandler
                0x08001ec4                FPU_IRQHandler
                0x08001ec4                OTG_HS_WKUP_IRQHandler
                0x08001ec4                CAN2_SCE_IRQHandler
                0x08001ec4                SPI1_IRQHandler
                0x08001ec4                TIM6_DAC_IRQHandler
                0x08001ec4                TIM1_BRK_TIM9_IRQHandler
                0x08001ec4                DCMI_IRQHandler
                0x08001ec4                DMA2_Stream3_IRQHandler
                0x08001ec4                UART5_IRQHandler
                0x08001ec4                DMA2_Stream0_IRQHandler
                0x08001ec4                TIM4_IRQHandler
                0x08001ec4                I2C1_EV_IRQHandler
                0x08001ec4                DMA1_Stream6_IRQHandler
                0x08001ec4                UART4_IRQHandler
                0x08001ec4                TIM3_IRQHandler
                0x08001ec4                RCC_IRQHandler
                0x08001ec4                TIM8_BRK_TIM12_IRQHandler
                0x08001ec4                Default_Handler
                0x08001ec4                EXTI15_10_IRQHandler
                0x08001ec4                ADC_IRQHandler
                0x08001ec4                DMA1_Stream7_IRQHandler
                0x08001ec4                CAN2_TX_IRQHandler
                0x08001ec4                TIM5_IRQHandler
                0x08001ec4                I2C3_EV_IRQHandler
                0x08001ec4                EXTI9_5_IRQHandler
                0x08001ec4                RTC_WKUP_IRQHandler
                0x08001ec4                ETH_WKUP_IRQHandler
                0x08001ec4                SPI2_IRQHandler
                0x08001ec4                OTG_HS_EP1_IN_IRQHandler
                0x08001ec4                DMA1_Stream0_IRQHandler
                0x08001ec4                CAN1_TX_IRQHandler
                0x08001ec4                EXTI4_IRQHandler
                0x08001ec4                FSMC_IRQHandler
                0x08001ec4                ETH_IRQHandler
                0x08001ec4                OTG_HS_EP1_OUT_IRQHandler
                0x08001ec4                WWDG_IRQHandler
                0x08001ec4                TIM2_IRQHandler
                0x08001ec4                OTG_FS_WKUP_IRQHandler
                0x08001ec4                TIM1_TRG_COM_TIM11_IRQHandler
                0x08001ec4                OTG_HS_IRQHandler
                0x08001ec4                EXTI1_IRQHandler
                0x08001ec4                USART2_IRQHandler
                0x08001ec4                I2C2_ER_IRQHandler
                0x08001ec4                CAN1_SCE_IRQHandler
                0x08001ec4                FLASH_IRQHandler
                0x08001ec4                DMA2_Stream4_IRQHandler
                0x08001ec4                OTG_FS_IRQHandler
                0x08001ec4                SPI3_IRQHandler
                0x08001ec4                DMA1_Stream4_IRQHandler
                0x08001ec4                I2C1_ER_IRQHandler
                0x08001ec4                DMA1_Stream3_IRQHandler
 *fill*         0x08001ec6        0x2 
 .text.HAL_Init
                0x08001ec8       0x34 CMakeFiles/bubing_RM2025.elf.dir/Drivers/STM32F4xx_HAL_Driver/Src/stm32f4xx_hal.c.obj
                0x08001ec8                HAL_Init
 .text.HAL_IncTick
                0x08001efc       0x18 CMakeFiles/bubing_RM2025.elf.dir/Drivers/STM32F4xx_HAL_Driver/Src/stm32f4xx_hal.c.obj
                0x08001efc                HAL_IncTick
 .text.HAL_GetTick
                0x08001f14        0xc CMakeFiles/bubing_RM2025.elf.dir/Drivers/STM32F4xx_HAL_Driver/Src/stm32f4xx_hal.c.obj
                0x08001f14                HAL_GetTick
 .text.HAL_CAN_Init
                0x08001f20      0x14c CMakeFiles/bubing_RM2025.elf.dir/Drivers/STM32F4xx_HAL_Driver/Src/stm32f4xx_hal_can.c.obj
                0x08001f20                HAL_CAN_Init
 .text.HAL_CAN_ConfigFilter
                0x0800206c      0x138 CMakeFiles/bubing_RM2025.elf.dir/Drivers/STM32F4xx_HAL_Driver/Src/stm32f4xx_hal_can.c.obj
                0x0800206c                HAL_CAN_ConfigFilter
 .text.HAL_CAN_Start
                0x080021a4       0x5c CMakeFiles/bubing_RM2025.elf.dir/Drivers/STM32F4xx_HAL_Driver/Src/stm32f4xx_hal_can.c.obj
                0x080021a4                HAL_CAN_Start
 .text.HAL_CAN_AddTxMessage
                0x08002200       0xea CMakeFiles/bubing_RM2025.elf.dir/Drivers/STM32F4xx_HAL_Driver/Src/stm32f4xx_hal_can.c.obj
                0x08002200                HAL_CAN_AddTxMessage
 .text.HAL_CAN_GetRxMessage
                0x080022ea      0x16a CMakeFiles/bubing_RM2025.elf.dir/Drivers/STM32F4xx_HAL_Driver/Src/stm32f4xx_hal_can.c.obj
                0x080022ea                HAL_CAN_GetRxMessage
 .text.HAL_CAN_ActivateNotification
                0x08002454       0x24 CMakeFiles/bubing_RM2025.elf.dir/Drivers/STM32F4xx_HAL_Driver/Src/stm32f4xx_hal_can.c.obj
                0x08002454                HAL_CAN_ActivateNotification
 .text.HAL_CAN_TxMailbox0CompleteCallback
                0x08002478        0x2 CMakeFiles/bubing_RM2025.elf.dir/Drivers/STM32F4xx_HAL_Driver/Src/stm32f4xx_hal_can.c.obj
                0x08002478                HAL_CAN_TxMailbox0CompleteCallback
 .text.HAL_CAN_TxMailbox1CompleteCallback
                0x0800247a        0x2 CMakeFiles/bubing_RM2025.elf.dir/Drivers/STM32F4xx_HAL_Driver/Src/stm32f4xx_hal_can.c.obj
                0x0800247a                HAL_CAN_TxMailbox1CompleteCallback
 .text.HAL_CAN_TxMailbox2CompleteCallback
                0x0800247c        0x2 CMakeFiles/bubing_RM2025.elf.dir/Drivers/STM32F4xx_HAL_Driver/Src/stm32f4xx_hal_can.c.obj
                0x0800247c                HAL_CAN_TxMailbox2CompleteCallback
 .text.HAL_CAN_TxMailbox0AbortCallback
                0x0800247e        0x2 CMakeFiles/bubing_RM2025.elf.dir/Drivers/STM32F4xx_HAL_Driver/Src/stm32f4xx_hal_can.c.obj
                0x0800247e                HAL_CAN_TxMailbox0AbortCallback
 .text.HAL_CAN_TxMailbox1AbortCallback
                0x08002480        0x2 CMakeFiles/bubing_RM2025.elf.dir/Drivers/STM32F4xx_HAL_Driver/Src/stm32f4xx_hal_can.c.obj
                0x08002480                HAL_CAN_TxMailbox1AbortCallback
 .text.HAL_CAN_TxMailbox2AbortCallback
                0x08002482        0x2 CMakeFiles/bubing_RM2025.elf.dir/Drivers/STM32F4xx_HAL_Driver/Src/stm32f4xx_hal_can.c.obj
                0x08002482                HAL_CAN_TxMailbox2AbortCallback
 .text.HAL_CAN_RxFifo0FullCallback
                0x08002484        0x2 CMakeFiles/bubing_RM2025.elf.dir/Drivers/STM32F4xx_HAL_Driver/Src/stm32f4xx_hal_can.c.obj
                0x08002484                HAL_CAN_RxFifo0FullCallback
 .text.HAL_CAN_RxFifo1MsgPendingCallback
                0x08002486        0x2 CMakeFiles/bubing_RM2025.elf.dir/Drivers/STM32F4xx_HAL_Driver/Src/stm32f4xx_hal_can.c.obj
                0x08002486                HAL_CAN_RxFifo1MsgPendingCallback
 .text.HAL_CAN_RxFifo1FullCallback
                0x08002488        0x2 CMakeFiles/bubing_RM2025.elf.dir/Drivers/STM32F4xx_HAL_Driver/Src/stm32f4xx_hal_can.c.obj
                0x08002488                HAL_CAN_RxFifo1FullCallback
 .text.HAL_CAN_SleepCallback
                0x0800248a        0x2 CMakeFiles/bubing_RM2025.elf.dir/Drivers/STM32F4xx_HAL_Driver/Src/stm32f4xx_hal_can.c.obj
                0x0800248a                HAL_CAN_SleepCallback
 .text.HAL_CAN_WakeUpFromRxMsgCallback
                0x0800248c        0x2 CMakeFiles/bubing_RM2025.elf.dir/Drivers/STM32F4xx_HAL_Driver/Src/stm32f4xx_hal_can.c.obj
                0x0800248c                HAL_CAN_WakeUpFromRxMsgCallback
 .text.HAL_CAN_ErrorCallback
                0x0800248e        0x2 CMakeFiles/bubing_RM2025.elf.dir/Drivers/STM32F4xx_HAL_Driver/Src/stm32f4xx_hal_can.c.obj
                0x0800248e                HAL_CAN_ErrorCallback
 .text.HAL_CAN_IRQHandler
                0x08002490      0x250 CMakeFiles/bubing_RM2025.elf.dir/Drivers/STM32F4xx_HAL_Driver/Src/stm32f4xx_hal_can.c.obj
                0x08002490                HAL_CAN_IRQHandler
 .text.__NVIC_EnableIRQ
                0x080026e0       0x1c CMakeFiles/bubing_RM2025.elf.dir/Drivers/STM32F4xx_HAL_Driver/Src/stm32f4xx_hal_cortex.c.obj
 .text.__NVIC_SetPriority
                0x080026fc       0x28 CMakeFiles/bubing_RM2025.elf.dir/Drivers/STM32F4xx_HAL_Driver/Src/stm32f4xx_hal_cortex.c.obj
 .text.NVIC_EncodePriority
                0x08002724       0x3e CMakeFiles/bubing_RM2025.elf.dir/Drivers/STM32F4xx_HAL_Driver/Src/stm32f4xx_hal_cortex.c.obj
 *fill*         0x08002762        0x2 
 .text.HAL_NVIC_SetPriorityGrouping
                0x08002764       0x24 CMakeFiles/bubing_RM2025.elf.dir/Drivers/STM32F4xx_HAL_Driver/Src/stm32f4xx_hal_cortex.c.obj
                0x08002764                HAL_NVIC_SetPriorityGrouping
 .text.HAL_NVIC_SetPriority
                0x08002788       0x20 CMakeFiles/bubing_RM2025.elf.dir/Drivers/STM32F4xx_HAL_Driver/Src/stm32f4xx_hal_cortex.c.obj
                0x08002788                HAL_NVIC_SetPriority
 .text.HAL_NVIC_EnableIRQ
                0x080027a8        0x8 CMakeFiles/bubing_RM2025.elf.dir/Drivers/STM32F4xx_HAL_Driver/Src/stm32f4xx_hal_cortex.c.obj
                0x080027a8                HAL_NVIC_EnableIRQ
 .text.DMA_CalcBaseAndBitshift
                0x080027b0       0x3c CMakeFiles/bubing_RM2025.elf.dir/Drivers/STM32F4xx_HAL_Driver/Src/stm32f4xx_hal_dma.c.obj
 .text.DMA_CheckFifoParam
                0x080027ec       0x8e CMakeFiles/bubing_RM2025.elf.dir/Drivers/STM32F4xx_HAL_Driver/Src/stm32f4xx_hal_dma.c.obj
 *fill*         0x0800287a        0x2 
 .text.HAL_DMA_Init
                0x0800287c       0xcc CMakeFiles/bubing_RM2025.elf.dir/Drivers/STM32F4xx_HAL_Driver/Src/stm32f4xx_hal_dma.c.obj
                0x0800287c                HAL_DMA_Init
 .text.HAL_DMA_Abort
                0x08002948       0x94 CMakeFiles/bubing_RM2025.elf.dir/Drivers/STM32F4xx_HAL_Driver/Src/stm32f4xx_hal_dma.c.obj
                0x08002948                HAL_DMA_Abort
 .text.HAL_DMA_Abort_IT
                0x080029dc       0x26 CMakeFiles/bubing_RM2025.elf.dir/Drivers/STM32F4xx_HAL_Driver/Src/stm32f4xx_hal_dma.c.obj
                0x080029dc                HAL_DMA_Abort_IT
 *fill*         0x08002a02        0x2 
 .text.HAL_DMA_IRQHandler
                0x08002a04      0x1dc CMakeFiles/bubing_RM2025.elf.dir/Drivers/STM32F4xx_HAL_Driver/Src/stm32f4xx_hal_dma.c.obj
                0x08002a04                HAL_DMA_IRQHandler
 .text.HAL_GPIO_Init
                0x08002be0      0x1ec CMakeFiles/bubing_RM2025.elf.dir/Drivers/STM32F4xx_HAL_Driver/Src/stm32f4xx_hal_gpio.c.obj
                0x08002be0                HAL_GPIO_Init
 .text.HAL_GPIO_WritePin
                0x08002dcc        0xc CMakeFiles/bubing_RM2025.elf.dir/Drivers/STM32F4xx_HAL_Driver/Src/stm32f4xx_hal_gpio.c.obj
                0x08002dcc                HAL_GPIO_WritePin
 .text.HAL_GPIO_TogglePin
                0x08002dd8       0x12 CMakeFiles/bubing_RM2025.elf.dir/Drivers/STM32F4xx_HAL_Driver/Src/stm32f4xx_hal_gpio.c.obj
                0x08002dd8                HAL_GPIO_TogglePin
 *fill*         0x08002dea        0x2 
 .text.HAL_RCC_OscConfig
                0x08002dec      0x3f8 CMakeFiles/bubing_RM2025.elf.dir/Drivers/STM32F4xx_HAL_Driver/Src/stm32f4xx_hal_rcc.c.obj
                0x08002dec                HAL_RCC_OscConfig
 .text.HAL_RCC_GetSysClockFreq
                0x080031e4       0xa8 CMakeFiles/bubing_RM2025.elf.dir/Drivers/STM32F4xx_HAL_Driver/Src/stm32f4xx_hal_rcc.c.obj
                0x080031e4                HAL_RCC_GetSysClockFreq
 .text.HAL_RCC_ClockConfig
                0x0800328c      0x160 CMakeFiles/bubing_RM2025.elf.dir/Drivers/STM32F4xx_HAL_Driver/Src/stm32f4xx_hal_rcc.c.obj
                0x0800328c                HAL_RCC_ClockConfig
 .text.HAL_RCC_GetHCLKFreq
                0x080033ec        0xc CMakeFiles/bubing_RM2025.elf.dir/Drivers/STM32F4xx_HAL_Driver/Src/stm32f4xx_hal_rcc.c.obj
                0x080033ec                HAL_RCC_GetHCLKFreq
 .text.HAL_RCC_GetPCLK1Freq
                0x080033f8       0x20 CMakeFiles/bubing_RM2025.elf.dir/Drivers/STM32F4xx_HAL_Driver/Src/stm32f4xx_hal_rcc.c.obj
                0x080033f8                HAL_RCC_GetPCLK1Freq
 .text.HAL_RCC_GetPCLK2Freq
                0x08003418       0x20 CMakeFiles/bubing_RM2025.elf.dir/Drivers/STM32F4xx_HAL_Driver/Src/stm32f4xx_hal_rcc.c.obj
                0x08003418                HAL_RCC_GetPCLK2Freq
 .text.HAL_RCC_GetClockConfig
                0x08003438       0x3c CMakeFiles/bubing_RM2025.elf.dir/Drivers/STM32F4xx_HAL_Driver/Src/stm32f4xx_hal_rcc.c.obj
                0x08003438                HAL_RCC_GetClockConfig
 .text.HAL_SPI_Init
                0x08003474       0xbe CMakeFiles/bubing_RM2025.elf.dir/Drivers/STM32F4xx_HAL_Driver/Src/stm32f4xx_hal_spi.c.obj
                0x08003474                HAL_SPI_Init
 *fill*         0x08003532        0x2 
 .text.TIM_OC1_SetConfig
                0x08003534       0x70 CMakeFiles/bubing_RM2025.elf.dir/Drivers/STM32F4xx_HAL_Driver/Src/stm32f4xx_hal_tim.c.obj
 .text.TIM_OC3_SetConfig
                0x080035a4       0x70 CMakeFiles/bubing_RM2025.elf.dir/Drivers/STM32F4xx_HAL_Driver/Src/stm32f4xx_hal_tim.c.obj
 .text.TIM_OC4_SetConfig
                0x08003614       0x50 CMakeFiles/bubing_RM2025.elf.dir/Drivers/STM32F4xx_HAL_Driver/Src/stm32f4xx_hal_tim.c.obj
 .text.TIM_TI1_ConfigInputStage
                0x08003664       0x26 CMakeFiles/bubing_RM2025.elf.dir/Drivers/STM32F4xx_HAL_Driver/Src/stm32f4xx_hal_tim.c.obj
 .text.TIM_TI2_ConfigInputStage
                0x0800368a       0x28 CMakeFiles/bubing_RM2025.elf.dir/Drivers/STM32F4xx_HAL_Driver/Src/stm32f4xx_hal_tim.c.obj
 .text.TIM_ITRx_SetConfig
                0x080036b2       0x10 CMakeFiles/bubing_RM2025.elf.dir/Drivers/STM32F4xx_HAL_Driver/Src/stm32f4xx_hal_tim.c.obj
 *fill*         0x080036c2        0x2 
 .text.HAL_TIM_Base_Start_IT
                0x080036c4       0x88 CMakeFiles/bubing_RM2025.elf.dir/Drivers/STM32F4xx_HAL_Driver/Src/stm32f4xx_hal_tim.c.obj
                0x080036c4                HAL_TIM_Base_Start_IT
 .text.HAL_TIM_PWM_MspInit
                0x0800374c        0x2 CMakeFiles/bubing_RM2025.elf.dir/Drivers/STM32F4xx_HAL_Driver/Src/stm32f4xx_hal_tim.c.obj
                0x0800374c                HAL_TIM_PWM_MspInit
 .text.HAL_TIM_OC_DelayElapsedCallback
                0x0800374e        0x2 CMakeFiles/bubing_RM2025.elf.dir/Drivers/STM32F4xx_HAL_Driver/Src/stm32f4xx_hal_tim.c.obj
                0x0800374e                HAL_TIM_OC_DelayElapsedCallback
 .text.HAL_TIM_IC_CaptureCallback
                0x08003750        0x2 CMakeFiles/bubing_RM2025.elf.dir/Drivers/STM32F4xx_HAL_Driver/Src/stm32f4xx_hal_tim.c.obj
                0x08003750                HAL_TIM_IC_CaptureCallback
 .text.HAL_TIM_PWM_PulseFinishedCallback
                0x08003752        0x2 CMakeFiles/bubing_RM2025.elf.dir/Drivers/STM32F4xx_HAL_Driver/Src/stm32f4xx_hal_tim.c.obj
                0x08003752                HAL_TIM_PWM_PulseFinishedCallback
 .text.HAL_TIM_TriggerCallback
                0x08003754        0x2 CMakeFiles/bubing_RM2025.elf.dir/Drivers/STM32F4xx_HAL_Driver/Src/stm32f4xx_hal_tim.c.obj
                0x08003754                HAL_TIM_TriggerCallback
 .text.HAL_TIM_IRQHandler
                0x08003756      0x15e CMakeFiles/bubing_RM2025.elf.dir/Drivers/STM32F4xx_HAL_Driver/Src/stm32f4xx_hal_tim.c.obj
                0x08003756                HAL_TIM_IRQHandler
 .text.TIM_Base_SetConfig
                0x080038b4       0xd8 CMakeFiles/bubing_RM2025.elf.dir/Drivers/STM32F4xx_HAL_Driver/Src/stm32f4xx_hal_tim.c.obj
                0x080038b4                TIM_Base_SetConfig
 .text.HAL_TIM_Base_Init
                0x0800398c       0x58 CMakeFiles/bubing_RM2025.elf.dir/Drivers/STM32F4xx_HAL_Driver/Src/stm32f4xx_hal_tim.c.obj
                0x0800398c                HAL_TIM_Base_Init
 .text.HAL_TIM_PWM_Init
                0x080039e4       0x58 CMakeFiles/bubing_RM2025.elf.dir/Drivers/STM32F4xx_HAL_Driver/Src/stm32f4xx_hal_tim.c.obj
                0x080039e4                HAL_TIM_PWM_Init
 .text.TIM_OC2_SetConfig
                0x08003a3c       0x70 CMakeFiles/bubing_RM2025.elf.dir/Drivers/STM32F4xx_HAL_Driver/Src/stm32f4xx_hal_tim.c.obj
                0x08003a3c                TIM_OC2_SetConfig
 .text.HAL_TIM_PWM_ConfigChannel
                0x08003aac       0xdc CMakeFiles/bubing_RM2025.elf.dir/Drivers/STM32F4xx_HAL_Driver/Src/stm32f4xx_hal_tim.c.obj
                0x08003aac                HAL_TIM_PWM_ConfigChannel
 .text.TIM_ETR_SetConfig
                0x08003b88       0x1a CMakeFiles/bubing_RM2025.elf.dir/Drivers/STM32F4xx_HAL_Driver/Src/stm32f4xx_hal_tim.c.obj
                0x08003b88                TIM_ETR_SetConfig
 .text.HAL_TIM_ConfigClockSource
                0x08003ba2       0xfe CMakeFiles/bubing_RM2025.elf.dir/Drivers/STM32F4xx_HAL_Driver/Src/stm32f4xx_hal_tim.c.obj
                0x08003ba2                HAL_TIM_ConfigClockSource
 .text.HAL_TIMEx_MasterConfigSynchronization
                0x08003ca0       0x8c CMakeFiles/bubing_RM2025.elf.dir/Drivers/STM32F4xx_HAL_Driver/Src/stm32f4xx_hal_tim_ex.c.obj
                0x08003ca0                HAL_TIMEx_MasterConfigSynchronization
 .text.HAL_TIMEx_ConfigBreakDeadTime
                0x08003d2c       0x52 CMakeFiles/bubing_RM2025.elf.dir/Drivers/STM32F4xx_HAL_Driver/Src/stm32f4xx_hal_tim_ex.c.obj
                0x08003d2c                HAL_TIMEx_ConfigBreakDeadTime
 .text.HAL_TIMEx_CommutCallback
                0x08003d7e        0x2 CMakeFiles/bubing_RM2025.elf.dir/Drivers/STM32F4xx_HAL_Driver/Src/stm32f4xx_hal_tim_ex.c.obj
                0x08003d7e                HAL_TIMEx_CommutCallback
 .text.HAL_TIMEx_BreakCallback
                0x08003d80        0x2 CMakeFiles/bubing_RM2025.elf.dir/Drivers/STM32F4xx_HAL_Driver/Src/stm32f4xx_hal_tim_ex.c.obj
                0x08003d80                HAL_TIMEx_BreakCallback
 .text.UART_EndRxTransfer
                0x08003d82       0x5c CMakeFiles/bubing_RM2025.elf.dir/Drivers/STM32F4xx_HAL_Driver/Src/stm32f4xx_hal_uart.c.obj
 .text.UART_Transmit_IT
                0x08003dde       0x60 CMakeFiles/bubing_RM2025.elf.dir/Drivers/STM32F4xx_HAL_Driver/Src/stm32f4xx_hal_uart.c.obj
 *fill*         0x08003e3e        0x2 
 .text.UART_SetConfig
                0x08003e40      0x110 CMakeFiles/bubing_RM2025.elf.dir/Drivers/STM32F4xx_HAL_Driver/Src/stm32f4xx_hal_uart.c.obj
 .text.UART_WaitOnFlagUntilTimeout
                0x08003f50       0x86 CMakeFiles/bubing_RM2025.elf.dir/Drivers/STM32F4xx_HAL_Driver/Src/stm32f4xx_hal_uart.c.obj
 .text.HAL_UART_Init
                0x08003fd6       0x60 CMakeFiles/bubing_RM2025.elf.dir/Drivers/STM32F4xx_HAL_Driver/Src/stm32f4xx_hal_uart.c.obj
                0x08003fd6                HAL_UART_Init
 .text.HAL_UART_Transmit
                0x08004036       0xcc CMakeFiles/bubing_RM2025.elf.dir/Drivers/STM32F4xx_HAL_Driver/Src/stm32f4xx_hal_uart.c.obj
                0x08004036                HAL_UART_Transmit
 .text.HAL_UART_TxCpltCallback
                0x08004102        0x2 CMakeFiles/bubing_RM2025.elf.dir/Drivers/STM32F4xx_HAL_Driver/Src/stm32f4xx_hal_uart.c.obj
                0x08004102                HAL_UART_TxCpltCallback
 .text.UART_EndTransmit_IT
                0x08004104       0x1a CMakeFiles/bubing_RM2025.elf.dir/Drivers/STM32F4xx_HAL_Driver/Src/stm32f4xx_hal_uart.c.obj
 .text.HAL_UART_RxCpltCallback
                0x0800411e        0x2 CMakeFiles/bubing_RM2025.elf.dir/Drivers/STM32F4xx_HAL_Driver/Src/stm32f4xx_hal_uart.c.obj
                0x0800411e                HAL_UART_RxCpltCallback
 .text.HAL_UART_ErrorCallback
                0x08004120        0x2 CMakeFiles/bubing_RM2025.elf.dir/Drivers/STM32F4xx_HAL_Driver/Src/stm32f4xx_hal_uart.c.obj
                0x08004120                HAL_UART_ErrorCallback
 .text.UART_DMAAbortOnError
                0x08004122       0x10 CMakeFiles/bubing_RM2025.elf.dir/Drivers/STM32F4xx_HAL_Driver/Src/stm32f4xx_hal_uart.c.obj
 .text.HAL_UARTEx_RxEventCallback
                0x08004132        0x2 CMakeFiles/bubing_RM2025.elf.dir/Drivers/STM32F4xx_HAL_Driver/Src/stm32f4xx_hal_uart.c.obj
                0x08004132                HAL_UARTEx_RxEventCallback
 .text.UART_Receive_IT
                0x08004134       0xe6 CMakeFiles/bubing_RM2025.elf.dir/Drivers/STM32F4xx_HAL_Driver/Src/stm32f4xx_hal_uart.c.obj
 *fill*         0x0800421a        0x2 
 .text.HAL_UART_IRQHandler
                0x0800421c      0x284 CMakeFiles/bubing_RM2025.elf.dir/Drivers/STM32F4xx_HAL_Driver/Src/stm32f4xx_hal_uart.c.obj
                0x0800421c                HAL_UART_IRQHandler
 .text.makeFreeRtosPriority
                0x080044a0        0xc CMakeFiles/bubing_RM2025.elf.dir/Middlewares/Third_Party/FreeRTOS/Source/CMSIS_RTOS/cmsis_os.c.obj
 .text.osKernelStart
                0x080044ac        0xa CMakeFiles/bubing_RM2025.elf.dir/Middlewares/Third_Party/FreeRTOS/Source/CMSIS_RTOS/cmsis_os.c.obj
                0x080044ac                osKernelStart
 .text.osThreadCreate
                0x080044b6       0x66 CMakeFiles/bubing_RM2025.elf.dir/Middlewares/Third_Party/FreeRTOS/Source/CMSIS_RTOS/cmsis_os.c.obj
                0x080044b6                osThreadCreate
 .text.osDelay  0x0800451c        0xe CMakeFiles/bubing_RM2025.elf.dir/Middlewares/Third_Party/FreeRTOS/Source/CMSIS_RTOS/cmsis_os.c.obj
                0x0800451c                osDelay
 .text.vListInitialise
                0x0800452a       0x16 CMakeFiles/bubing_RM2025.elf.dir/Middlewares/Third_Party/FreeRTOS/Source/list.c.obj
                0x0800452a                vListInitialise
 .text.vListInitialiseItem
                0x08004540        0x6 CMakeFiles/bubing_RM2025.elf.dir/Middlewares/Third_Party/FreeRTOS/Source/list.c.obj
                0x08004540                vListInitialiseItem
 .text.vListInsertEnd
                0x08004546       0x16 CMakeFiles/bubing_RM2025.elf.dir/Middlewares/Third_Party/FreeRTOS/Source/list.c.obj
                0x08004546                vListInsertEnd
 .text.vListInsert
                0x0800455c       0x32 CMakeFiles/bubing_RM2025.elf.dir/Middlewares/Third_Party/FreeRTOS/Source/list.c.obj
                0x0800455c                vListInsert
 .text.uxListRemove
                0x0800458e       0x26 CMakeFiles/bubing_RM2025.elf.dir/Middlewares/Third_Party/FreeRTOS/Source/list.c.obj
                0x0800458e                uxListRemove
 .text.prvTaskExitError
                0x080045b4       0x40 CMakeFiles/bubing_RM2025.elf.dir/Middlewares/Third_Party/FreeRTOS/Source/portable/GCC/ARM_CM4F/port.c.obj
 .text.prvPortStartFirstTask
                0x080045f4       0x28 CMakeFiles/bubing_RM2025.elf.dir/Middlewares/Third_Party/FreeRTOS/Source/portable/GCC/ARM_CM4F/port.c.obj
 .text.vPortEnableVFP
                0x0800461c       0x14 CMakeFiles/bubing_RM2025.elf.dir/Middlewares/Third_Party/FreeRTOS/Source/portable/GCC/ARM_CM4F/port.c.obj
 .text.pxPortInitialiseStack
                0x08004630       0x2c CMakeFiles/bubing_RM2025.elf.dir/Middlewares/Third_Party/FreeRTOS/Source/portable/GCC/ARM_CM4F/port.c.obj
                0x08004630                pxPortInitialiseStack
 *fill*         0x0800465c        0x4 
 .text.SVC_Handler
                0x08004660       0x24 CMakeFiles/bubing_RM2025.elf.dir/Middlewares/Third_Party/FreeRTOS/Source/portable/GCC/ARM_CM4F/port.c.obj
                0x08004660                SVC_Handler
 .text.vPortEnterCritical
                0x08004684       0x44 CMakeFiles/bubing_RM2025.elf.dir/Middlewares/Third_Party/FreeRTOS/Source/portable/GCC/ARM_CM4F/port.c.obj
                0x08004684                vPortEnterCritical
 .text.vPortExitCritical
                0x080046c8       0x2c CMakeFiles/bubing_RM2025.elf.dir/Middlewares/Third_Party/FreeRTOS/Source/portable/GCC/ARM_CM4F/port.c.obj
                0x080046c8                vPortExitCritical
 *fill*         0x080046f4        0xc 
 .text.PendSV_Handler
                0x08004700       0x64 CMakeFiles/bubing_RM2025.elf.dir/Middlewares/Third_Party/FreeRTOS/Source/portable/GCC/ARM_CM4F/port.c.obj
                0x08004700                PendSV_Handler
 .text.SysTick_Handler
                0x08004764       0x2c CMakeFiles/bubing_RM2025.elf.dir/Middlewares/Third_Party/FreeRTOS/Source/portable/GCC/ARM_CM4F/port.c.obj
                0x08004764                SysTick_Handler
 .text.vPortSetupTimerInterrupt
                0x08004790       0x28 CMakeFiles/bubing_RM2025.elf.dir/Middlewares/Third_Party/FreeRTOS/Source/portable/GCC/ARM_CM4F/port.c.obj
                0x08004790                vPortSetupTimerInterrupt
 .text.xPortStartScheduler
                0x080047b8      0x118 CMakeFiles/bubing_RM2025.elf.dir/Middlewares/Third_Party/FreeRTOS/Source/portable/GCC/ARM_CM4F/port.c.obj
                0x080047b8                xPortStartScheduler
 .text.prvHeapInit
                0x080048d0       0x64 CMakeFiles/bubing_RM2025.elf.dir/Middlewares/Third_Party/FreeRTOS/Source/portable/MemMang/heap_4.c.obj
 .text.prvInsertBlockIntoFreeList
                0x08004934       0x64 CMakeFiles/bubing_RM2025.elf.dir/Middlewares/Third_Party/FreeRTOS/Source/portable/MemMang/heap_4.c.obj
 .text.pvPortMalloc
                0x08004998      0x104 CMakeFiles/bubing_RM2025.elf.dir/Middlewares/Third_Party/FreeRTOS/Source/portable/MemMang/heap_4.c.obj
                0x08004998                pvPortMalloc
 .text.vPortFree
                0x08004a9c       0x7c CMakeFiles/bubing_RM2025.elf.dir/Middlewares/Third_Party/FreeRTOS/Source/portable/MemMang/heap_4.c.obj
                0x08004a9c                vPortFree
 .text.prvResetNextTaskUnblockTime
                0x08004b18       0x2c CMakeFiles/bubing_RM2025.elf.dir/Middlewares/Third_Party/FreeRTOS/Source/tasks.c.obj
 .text.prvInitialiseNewTask
                0x08004b44       0xfc CMakeFiles/bubing_RM2025.elf.dir/Middlewares/Third_Party/FreeRTOS/Source/tasks.c.obj
 .text.prvInitialiseTaskLists
                0x08004c40       0x68 CMakeFiles/bubing_RM2025.elf.dir/Middlewares/Third_Party/FreeRTOS/Source/tasks.c.obj
 .text.prvAddNewTaskToReadyList
                0x08004ca8       0xa8 CMakeFiles/bubing_RM2025.elf.dir/Middlewares/Third_Party/FreeRTOS/Source/tasks.c.obj
 .text.prvDeleteTCB
                0x08004d50       0x40 CMakeFiles/bubing_RM2025.elf.dir/Middlewares/Third_Party/FreeRTOS/Source/tasks.c.obj
 .text.prvCheckTasksWaitingTermination
                0x08004d90       0x4c CMakeFiles/bubing_RM2025.elf.dir/Middlewares/Third_Party/FreeRTOS/Source/tasks.c.obj
 .text.prvIdleTask
                0x08004ddc       0x28 CMakeFiles/bubing_RM2025.elf.dir/Middlewares/Third_Party/FreeRTOS/Source/tasks.c.obj
 .text.prvAddCurrentTaskToDelayedList
                0x08004e04       0x98 CMakeFiles/bubing_RM2025.elf.dir/Middlewares/Third_Party/FreeRTOS/Source/tasks.c.obj
 .text.xTaskCreateStatic
                0x08004e9c       0x7a CMakeFiles/bubing_RM2025.elf.dir/Middlewares/Third_Party/FreeRTOS/Source/tasks.c.obj
                0x08004e9c                xTaskCreateStatic
 .text.xTaskCreate
                0x08004f16       0x66 CMakeFiles/bubing_RM2025.elf.dir/Middlewares/Third_Party/FreeRTOS/Source/tasks.c.obj
                0x08004f16                xTaskCreate
 .text.vTaskStartScheduler
                0x08004f7c       0x84 CMakeFiles/bubing_RM2025.elf.dir/Middlewares/Third_Party/FreeRTOS/Source/tasks.c.obj
                0x08004f7c                vTaskStartScheduler
 .text.vTaskSuspendAll
                0x08005000       0x10 CMakeFiles/bubing_RM2025.elf.dir/Middlewares/Third_Party/FreeRTOS/Source/tasks.c.obj
                0x08005000                vTaskSuspendAll
 .text.xTaskIncrementTick
                0x08005010      0x118 CMakeFiles/bubing_RM2025.elf.dir/Middlewares/Third_Party/FreeRTOS/Source/tasks.c.obj
                0x08005010                xTaskIncrementTick
 .text.xTaskResumeAll
                0x08005128       0xf8 CMakeFiles/bubing_RM2025.elf.dir/Middlewares/Third_Party/FreeRTOS/Source/tasks.c.obj
                0x08005128                xTaskResumeAll
 .text.vTaskDelay
                0x08005220       0x4c CMakeFiles/bubing_RM2025.elf.dir/Middlewares/Third_Party/FreeRTOS/Source/tasks.c.obj
                0x08005220                vTaskDelay
 .text.vTaskSwitchContext
                0x0800526c       0xa4 CMakeFiles/bubing_RM2025.elf.dir/Middlewares/Third_Party/FreeRTOS/Source/tasks.c.obj
                0x0800526c                vTaskSwitchContext
 .text.HAL_CAN_RxFifo0MsgPendingCallback
                0x08005310      0x104 CMakeFiles/bubing_RM2025.elf.dir/code_mf/Src/CAN_receive.c.obj
                0x08005310                HAL_CAN_RxFifo0MsgPendingCallback
 .text.DM_MOTOR_TASK
                0x08005414       0x40 CMakeFiles/bubing_RM2025.elf.dir/code_mf/Src/DM_MOTOR_TASK.c.obj
                0x08005414                DM_MOTOR_TASK
 .text.board_LED
                0x08005454       0x40 CMakeFiles/bubing_RM2025.elf.dir/code_mf/Src/board_LED.c.obj
                0x08005454                board_LED
 .text.can_filter_init
                0x08005494       0x5c CMakeFiles/bubing_RM2025.elf.dir/code_mf/Src/bsp_can.c.obj
                0x08005494                can_filter_init
 .text.RC_init  0x080054f0       0x68 CMakeFiles/bubing_RM2025.elf.dir/code_mf/Src/bsp_rc.c.obj
                0x080054f0                RC_init
 .text.can_sent
                0x08005558       0x30 CMakeFiles/bubing_RM2025.elf.dir/code_mf/Src/can_sent.c.obj
                0x08005558                can_sent
 .text.DMCanTransmit
                0x08005588       0x60 CMakeFiles/bubing_RM2025.elf.dir/code_mf/Src/dm_motor.c.obj
 .text.dm_motor_init
                0x080055e8       0x20 CMakeFiles/bubing_RM2025.elf.dir/code_mf/Src/dm_motor.c.obj
                0x080055e8                dm_motor_init
 .text.dm_motor_mode_set
                0x08005608       0x64 CMakeFiles/bubing_RM2025.elf.dir/code_mf/Src/dm_motor.c.obj
                0x08005608                dm_motor_mode_set
 .text.float_to_uint
                0x0800566c       0x2a CMakeFiles/bubing_RM2025.elf.dir/code_mf/Src/dm_motor.c.obj
                0x0800566c                float_to_uint
 *fill*         0x08005696        0x2 
 .text.Dm_Can_Send
                0x08005698      0x248 CMakeFiles/bubing_RM2025.elf.dir/code_mf/Src/dm_motor.c.obj
                0x08005698                Dm_Can_Send
 .text.get_rc   0x080058e0      0x228 CMakeFiles/bubing_RM2025.elf.dir/code_mf/Src/get_rc.c.obj
                0x080058e0                get_rc
 .text.sbus_to_rc
                0x08005b08       0xde CMakeFiles/bubing_RM2025.elf.dir/code_mf/Src/remote_control.c.obj
 *fill*         0x08005be6        0x2 
 .text.remote_control_init
                0x08005be8       0x14 CMakeFiles/bubing_RM2025.elf.dir/code_mf/Src/remote_control.c.obj
                0x08005be8                remote_control_init
 .text.get_remote_control_point
                0x08005bfc        0x8 CMakeFiles/bubing_RM2025.elf.dir/code_mf/Src/remote_control.c.obj
                0x08005bfc                get_remote_control_point
 .text.USART3_IRQHandler
                0x08005c04       0xe4 CMakeFiles/bubing_RM2025.elf.dir/code_mf/Src/remote_control.c.obj
                0x08005c04                USART3_IRQHandler
 .text.usart6_printf
                0x08005ce8       0x40 CMakeFiles/bubing_RM2025.elf.dir/code_mf/Src/uart_printf.c.obj
                0x08005ce8                usart6_printf
 .text.uart_sent_debug
                0x08005d28       0x20 CMakeFiles/bubing_RM2025.elf.dir/code_mf/Src/uart_sent.c.obj
                0x08005d28                uart_sent_debug
 .text.__udivmoddi4
                0x08005d48      0x2bc C:/CLionToolchains/gcc-arm-none-eabi-10.3-2021.10/bin/../lib/gcc/arm-none-eabi/13.3.1/thumb/v7e-m+fp/hard\libgcc.a(_udivmoddi4.o)
                0x08005d48                __udivmoddi4
 .text.stdio_exit_handler
                0x08006004       0x18 C:/CLionToolchains/gcc-arm-none-eabi-10.3-2021.10/bin/../lib/gcc/arm-none-eabi/13.3.1/thumb/v7e-m+fp/hard\libg.a(libc_a-findfp.o)
 .text.cleanup_stdio
                0x0800601c       0x40 C:/CLionToolchains/gcc-arm-none-eabi-10.3-2021.10/bin/../lib/gcc/arm-none-eabi/13.3.1/thumb/v7e-m+fp/hard\libg.a(libc_a-findfp.o)
 .text.global_stdio_init.part.0
                0x0800605c       0xf0 C:/CLionToolchains/gcc-arm-none-eabi-10.3-2021.10/bin/../lib/gcc/arm-none-eabi/13.3.1/thumb/v7e-m+fp/hard\libg.a(libc_a-findfp.o)
 .text.__sinit  0x0800614c       0x3c C:/CLionToolchains/gcc-arm-none-eabi-10.3-2021.10/bin/../lib/gcc/arm-none-eabi/13.3.1/thumb/v7e-m+fp/hard\libg.a(libc_a-findfp.o)
                0x0800614c                __sinit
 .text.__sfp_lock_acquire
                0x08006188        0xc C:/CLionToolchains/gcc-arm-none-eabi-10.3-2021.10/bin/../lib/gcc/arm-none-eabi/13.3.1/thumb/v7e-m+fp/hard\libg.a(libc_a-findfp.o)
                0x08006188                __sfp_lock_acquire
 .text.__sfp_lock_release
                0x08006194        0xc C:/CLionToolchains/gcc-arm-none-eabi-10.3-2021.10/bin/../lib/gcc/arm-none-eabi/13.3.1/thumb/v7e-m+fp/hard\libg.a(libc_a-findfp.o)
                0x08006194                __sfp_lock_release
 .text._fwalk_sglue
                0x080061a0       0x44 C:/CLionToolchains/gcc-arm-none-eabi-10.3-2021.10/bin/../lib/gcc/arm-none-eabi/13.3.1/thumb/v7e-m+fp/hard\libg.a(libc_a-fwalk.o)
                0x080061a0                _fwalk_sglue
 .text.__sread  0x080061e4       0x24 C:/CLionToolchains/gcc-arm-none-eabi-10.3-2021.10/bin/../lib/gcc/arm-none-eabi/13.3.1/thumb/v7e-m+fp/hard\libg.a(libc_a-stdio.o)
                0x080061e4                __sread
 .text.__swrite
                0x08006208       0x40 C:/CLionToolchains/gcc-arm-none-eabi-10.3-2021.10/bin/../lib/gcc/arm-none-eabi/13.3.1/thumb/v7e-m+fp/hard\libg.a(libc_a-stdio.o)
                0x08006208                __swrite
 .text.__sseek  0x08006248       0x24 C:/CLionToolchains/gcc-arm-none-eabi-10.3-2021.10/bin/../lib/gcc/arm-none-eabi/13.3.1/thumb/v7e-m+fp/hard\libg.a(libc_a-stdio.o)
                0x08006248                __sseek
 .text.__sclose
                0x0800626c        0x8 C:/CLionToolchains/gcc-arm-none-eabi-10.3-2021.10/bin/../lib/gcc/arm-none-eabi/13.3.1/thumb/v7e-m+fp/hard\libg.a(libc_a-stdio.o)
                0x0800626c                __sclose
 .text.vsprintf
                0x08006274       0x38 C:/CLionToolchains/gcc-arm-none-eabi-10.3-2021.10/bin/../lib/gcc/arm-none-eabi/13.3.1/thumb/v7e-m+fp/hard\libg.a(libc_a-vsprintf.o)
                0x08006274                vsprintf
 .text.memset   0x080062ac       0xa4 C:/CLionToolchains/gcc-arm-none-eabi-10.3-2021.10/bin/../lib/gcc/arm-none-eabi/13.3.1/thumb/v7e-m+fp/hard\libg.a(libc_a-memset.o)
                0x080062ac                memset
 .text._close_r
                0x08006350       0x24 C:/CLionToolchains/gcc-arm-none-eabi-10.3-2021.10/bin/../lib/gcc/arm-none-eabi/13.3.1/thumb/v7e-m+fp/hard\libg.a(libc_a-closer.o)
                0x08006350                _close_r
 .text._reclaim_reent
                0x08006374       0x6c C:/CLionToolchains/gcc-arm-none-eabi-10.3-2021.10/bin/../lib/gcc/arm-none-eabi/13.3.1/thumb/v7e-m+fp/hard\libg.a(libc_a-reent.o)
                0x08006374                _reclaim_reent
 .text._lseek_r
                0x080063e0       0x2c C:/CLionToolchains/gcc-arm-none-eabi-10.3-2021.10/bin/../lib/gcc/arm-none-eabi/13.3.1/thumb/v7e-m+fp/hard\libg.a(libc_a-lseekr.o)
                0x080063e0                _lseek_r
 .text._read_r  0x0800640c       0x2c C:/CLionToolchains/gcc-arm-none-eabi-10.3-2021.10/bin/../lib/gcc/arm-none-eabi/13.3.1/thumb/v7e-m+fp/hard\libg.a(libc_a-readr.o)
                0x0800640c                _read_r
 .text._write_r
                0x08006438       0x2c C:/CLionToolchains/gcc-arm-none-eabi-10.3-2021.10/bin/../lib/gcc/arm-none-eabi/13.3.1/thumb/v7e-m+fp/hard\libg.a(libc_a-writer.o)
                0x08006438                _write_r
 .text.__errno  0x08006464        0xc C:/CLionToolchains/gcc-arm-none-eabi-10.3-2021.10/bin/../lib/gcc/arm-none-eabi/13.3.1/thumb/v7e-m+fp/hard\libg.a(libc_a-errno.o)
                0x08006464                __errno
 .text.__libc_init_array
                0x08006470       0x50 C:/CLionToolchains/gcc-arm-none-eabi-10.3-2021.10/bin/../lib/gcc/arm-none-eabi/13.3.1/thumb/v7e-m+fp/hard\libg.a(libc_a-init.o)
                0x08006470                __libc_init_array
 .text.__retarget_lock_init_recursive
                0x080064c0        0x4 C:/CLionToolchains/gcc-arm-none-eabi-10.3-2021.10/bin/../lib/gcc/arm-none-eabi/13.3.1/thumb/v7e-m+fp/hard\libg.a(libc_a-lock.o)
                0x080064c0                __retarget_lock_init_recursive
 .text.__retarget_lock_close_recursive
                0x080064c4        0x4 C:/CLionToolchains/gcc-arm-none-eabi-10.3-2021.10/bin/../lib/gcc/arm-none-eabi/13.3.1/thumb/v7e-m+fp/hard\libg.a(libc_a-lock.o)
                0x080064c4                __retarget_lock_close_recursive
 .text.__retarget_lock_acquire_recursive
                0x080064c8        0x4 C:/CLionToolchains/gcc-arm-none-eabi-10.3-2021.10/bin/../lib/gcc/arm-none-eabi/13.3.1/thumb/v7e-m+fp/hard\libg.a(libc_a-lock.o)
                0x080064c8                __retarget_lock_acquire_recursive
 .text.__retarget_lock_release_recursive
                0x080064cc        0x4 C:/CLionToolchains/gcc-arm-none-eabi-10.3-2021.10/bin/../lib/gcc/arm-none-eabi/13.3.1/thumb/v7e-m+fp/hard\libg.a(libc_a-lock.o)
                0x080064cc                __retarget_lock_release_recursive
 .text.startup.register_fini
                0x080064d0       0x14 C:/CLionToolchains/gcc-arm-none-eabi-10.3-2021.10/bin/../lib/gcc/arm-none-eabi/13.3.1/thumb/v7e-m+fp/hard\libg.a(libc_a-__call_atexit.o)
 .text.atexit   0x080064e4        0xc C:/CLionToolchains/gcc-arm-none-eabi-10.3-2021.10/bin/../lib/gcc/arm-none-eabi/13.3.1/thumb/v7e-m+fp/hard\libg.a(libc_a-atexit.o)
                0x080064e4                atexit
 .text._malloc_trim_r
                0x080064f0       0xb8 C:/CLionToolchains/gcc-arm-none-eabi-10.3-2021.10/bin/../lib/gcc/arm-none-eabi/13.3.1/thumb/v7e-m+fp/hard\libg.a(libc_a-freer.o)
                0x080064f0                _malloc_trim_r
 .text._free_r  0x080065a8      0x1f8 C:/CLionToolchains/gcc-arm-none-eabi-10.3-2021.10/bin/../lib/gcc/arm-none-eabi/13.3.1/thumb/v7e-m+fp/hard\libg.a(libc_a-freer.o)
                0x080065a8                _free_r
 .text._malloc_r
                0x080067a0      0x564 C:/CLionToolchains/gcc-arm-none-eabi-10.3-2021.10/bin/../lib/gcc/arm-none-eabi/13.3.1/thumb/v7e-m+fp/hard\libg.a(libc_a-mallocr.o)
                0x080067a0                _malloc_r
 .text.__malloc_lock
                0x08006d04        0xc C:/CLionToolchains/gcc-arm-none-eabi-10.3-2021.10/bin/../lib/gcc/arm-none-eabi/13.3.1/thumb/v7e-m+fp/hard\libg.a(libc_a-mlock.o)
                0x08006d04                __malloc_lock
 .text.__malloc_unlock
                0x08006d10        0xc C:/CLionToolchains/gcc-arm-none-eabi-10.3-2021.10/bin/../lib/gcc/arm-none-eabi/13.3.1/thumb/v7e-m+fp/hard\libg.a(libc_a-mlock.o)
                0x08006d10                __malloc_unlock
 *fill*         0x08006d1c        0x4 
 .text._svfprintf_r
                0x08006d20     0x1b3c C:/CLionToolchains/gcc-arm-none-eabi-10.3-2021.10/bin/../lib/gcc/arm-none-eabi/13.3.1/thumb/v7e-m+fp/hard\libg.a(libc_a-svfprintf.o)
                0x08006d20                _svfprintf_r
 .text.__ssprint_r
                0x0800885c       0x58 C:/CLionToolchains/gcc-arm-none-eabi-10.3-2021.10/bin/../lib/gcc/arm-none-eabi/13.3.1/thumb/v7e-m+fp/hard\libg.a(libc_a-ssprint_r.o)
                0x0800885c                __ssprint_r
 .text._fclose_r
                0x080088b4       0xc0 C:/CLionToolchains/gcc-arm-none-eabi-10.3-2021.10/bin/../lib/gcc/arm-none-eabi/13.3.1/thumb/v7e-m+fp/hard\libg.a(libc_a-fclose.o)
                0x080088b4                _fclose_r
 .text.__sflush_r
                0x08008974      0x138 C:/CLionToolchains/gcc-arm-none-eabi-10.3-2021.10/bin/../lib/gcc/arm-none-eabi/13.3.1/thumb/v7e-m+fp/hard\libg.a(libc_a-fflush.o)
                0x08008974                __sflush_r
 .text._fflush_r
                0x08008aac       0x54 C:/CLionToolchains/gcc-arm-none-eabi-10.3-2021.10/bin/../lib/gcc/arm-none-eabi/13.3.1/thumb/v7e-m+fp/hard\libg.a(libc_a-fflush.o)
                0x08008aac                _fflush_r
 .text.strncpy  0x08008b00       0x68 C:/CLionToolchains/gcc-arm-none-eabi-10.3-2021.10/bin/../lib/gcc/arm-none-eabi/13.3.1/thumb/v7e-m+fp/hard\libg.a(libc_a-strncpy.o)
                0x08008b00                strncpy
 .text.__locale_mb_cur_max
                0x08008b68        0xc C:/CLionToolchains/gcc-arm-none-eabi-10.3-2021.10/bin/../lib/gcc/arm-none-eabi/13.3.1/thumb/v7e-m+fp/hard\libg.a(libc_a-locale.o)
                0x08008b68                __locale_mb_cur_max
 .text._localeconv_r
                0x08008b74        0x8 C:/CLionToolchains/gcc-arm-none-eabi-10.3-2021.10/bin/../lib/gcc/arm-none-eabi/13.3.1/thumb/v7e-m+fp/hard\libg.a(libc_a-localeconv.o)
                0x08008b74                _localeconv_r
 .text._sbrk_r  0x08008b7c       0x24 C:/CLionToolchains/gcc-arm-none-eabi-10.3-2021.10/bin/../lib/gcc/arm-none-eabi/13.3.1/thumb/v7e-m+fp/hard\libg.a(libc_a-sbrkr.o)
                0x08008b7c                _sbrk_r
 .text.__libc_fini_array
                0x08008ba0       0x28 C:/CLionToolchains/gcc-arm-none-eabi-10.3-2021.10/bin/../lib/gcc/arm-none-eabi/13.3.1/thumb/v7e-m+fp/hard\libg.a(libc_a-fini.o)
                0x08008ba0                __libc_fini_array
 .text.sysconf  0x08008bc8       0x1c C:/CLionToolchains/gcc-arm-none-eabi-10.3-2021.10/bin/../lib/gcc/arm-none-eabi/13.3.1/thumb/v7e-m+fp/hard\libg.a(libc_a-sysconf.o)
                0x08008bc8                sysconf
 .text.frexp    0x08008be4       0x64 C:/CLionToolchains/gcc-arm-none-eabi-10.3-2021.10/bin/../lib/gcc/arm-none-eabi/13.3.1/thumb/v7e-m+fp/hard\libg.a(libm_a-s_frexp.o)
                0x08008be4                frexp
 .text.__register_exitproc
                0x08008c48       0x80 C:/CLionToolchains/gcc-arm-none-eabi-10.3-2021.10/bin/../lib/gcc/arm-none-eabi/13.3.1/thumb/v7e-m+fp/hard\libg.a(libc_a-__atexit.o)
                0x08008c48                __register_exitproc
 .text.quorem   0x08008cc8      0x12c C:/CLionToolchains/gcc-arm-none-eabi-10.3-2021.10/bin/../lib/gcc/arm-none-eabi/13.3.1/thumb/v7e-m+fp/hard\libg.a(libc_a-dtoa.o)
 *fill*         0x08008df4        0x4 
 .text._dtoa_r  0x08008df8      0xe80 C:/CLionToolchains/gcc-arm-none-eabi-10.3-2021.10/bin/../lib/gcc/arm-none-eabi/13.3.1/thumb/v7e-m+fp/hard\libg.a(libc_a-dtoa.o)
                0x08008df8                _dtoa_r
 .text.__ascii_mbtowc
                0x08009c78       0x2c C:/CLionToolchains/gcc-arm-none-eabi-10.3-2021.10/bin/../lib/gcc/arm-none-eabi/13.3.1/thumb/v7e-m+fp/hard\libg.a(libc_a-mbtowc_r.o)
                0x08009c78                __ascii_mbtowc
 .text._Balloc  0x08009ca4       0x4c C:/CLionToolchains/gcc-arm-none-eabi-10.3-2021.10/bin/../lib/gcc/arm-none-eabi/13.3.1/thumb/v7e-m+fp/hard\libg.a(libc_a-mprec.o)
                0x08009ca4                _Balloc
 .text._Bfree   0x08009cf0       0x14 C:/CLionToolchains/gcc-arm-none-eabi-10.3-2021.10/bin/../lib/gcc/arm-none-eabi/13.3.1/thumb/v7e-m+fp/hard\libg.a(libc_a-mprec.o)
                0x08009cf0                _Bfree
 .text.__multadd
                0x08009d04       0xa0 C:/CLionToolchains/gcc-arm-none-eabi-10.3-2021.10/bin/../lib/gcc/arm-none-eabi/13.3.1/thumb/v7e-m+fp/hard\libg.a(libc_a-mprec.o)
                0x08009d04                __multadd
 .text.__hi0bits
                0x08009da4       0x44 C:/CLionToolchains/gcc-arm-none-eabi-10.3-2021.10/bin/../lib/gcc/arm-none-eabi/13.3.1/thumb/v7e-m+fp/hard\libg.a(libc_a-mprec.o)
                0x08009da4                __hi0bits
 .text.__lo0bits
                0x08009de8       0x60 C:/CLionToolchains/gcc-arm-none-eabi-10.3-2021.10/bin/../lib/gcc/arm-none-eabi/13.3.1/thumb/v7e-m+fp/hard\libg.a(libc_a-mprec.o)
                0x08009de8                __lo0bits
 .text.__i2b    0x08009e48       0x5c C:/CLionToolchains/gcc-arm-none-eabi-10.3-2021.10/bin/../lib/gcc/arm-none-eabi/13.3.1/thumb/v7e-m+fp/hard\libg.a(libc_a-mprec.o)
                0x08009e48                __i2b
 .text.__multiply
                0x08009ea4      0x16c C:/CLionToolchains/gcc-arm-none-eabi-10.3-2021.10/bin/../lib/gcc/arm-none-eabi/13.3.1/thumb/v7e-m+fp/hard\libg.a(libc_a-mprec.o)
                0x08009ea4                __multiply
 .text.__pow5mult
                0x0800a010       0xb4 C:/CLionToolchains/gcc-arm-none-eabi-10.3-2021.10/bin/../lib/gcc/arm-none-eabi/13.3.1/thumb/v7e-m+fp/hard\libg.a(libc_a-mprec.o)
                0x0800a010                __pow5mult
 .text.__lshift
                0x0800a0c4       0xf0 C:/CLionToolchains/gcc-arm-none-eabi-10.3-2021.10/bin/../lib/gcc/arm-none-eabi/13.3.1/thumb/v7e-m+fp/hard\libg.a(libc_a-mprec.o)
                0x0800a0c4                __lshift
 .text.__mcmp   0x0800a1b4       0x44 C:/CLionToolchains/gcc-arm-none-eabi-10.3-2021.10/bin/../lib/gcc/arm-none-eabi/13.3.1/thumb/v7e-m+fp/hard\libg.a(libc_a-mprec.o)
                0x0800a1b4                __mcmp
 .text.__mdiff  0x0800a1f8      0x178 C:/CLionToolchains/gcc-arm-none-eabi-10.3-2021.10/bin/../lib/gcc/arm-none-eabi/13.3.1/thumb/v7e-m+fp/hard\libg.a(libc_a-mprec.o)
                0x0800a1f8                __mdiff
 .text.__d2b    0x0800a370       0xc0 C:/CLionToolchains/gcc-arm-none-eabi-10.3-2021.10/bin/../lib/gcc/arm-none-eabi/13.3.1/thumb/v7e-m+fp/hard\libg.a(libc_a-mprec.o)
                0x0800a370                __d2b
 .text.__ascii_wctomb
                0x0800a430       0x1c C:/CLionToolchains/gcc-arm-none-eabi-10.3-2021.10/bin/../lib/gcc/arm-none-eabi/13.3.1/thumb/v7e-m+fp/hard\libg.a(libc_a-wctomb_r.o)
                0x0800a430                __ascii_wctomb
 .text._wcrtomb_r
                0x0800a44c       0x4c C:/CLionToolchains/gcc-arm-none-eabi-10.3-2021.10/bin/../lib/gcc/arm-none-eabi/13.3.1/thumb/v7e-m+fp/hard\libg.a(libc_a-wcrtomb.o)
                0x0800a44c                _wcrtomb_r
 .text._wcsrtombs_r
                0x0800a498       0x18 C:/CLionToolchains/gcc-arm-none-eabi-10.3-2021.10/bin/../lib/gcc/arm-none-eabi/13.3.1/thumb/v7e-m+fp/hard\libg.a(libc_a-wcsrtombs.o)
                0x0800a498                _wcsrtombs_r
 .text.__ssputs_r
                0x0800a4b0       0xc0 C:/CLionToolchains/gcc-arm-none-eabi-10.3-2021.10/bin/../lib/gcc/arm-none-eabi/13.3.1/thumb/v7e-m+fp/hard\libg.a(libc_a-ssputs_r.o)
                0x0800a4b0                __ssputs_r
 .text.memmove  0x0800a570      0x100 C:/CLionToolchains/gcc-arm-none-eabi-10.3-2021.10/bin/../lib/gcc/arm-none-eabi/13.3.1/thumb/v7e-m+fp/hard\libg.a(libc_a-memmove.o)
                0x0800a570                memmove
 .text.__assert_func
                0x0800a670       0x40 C:/CLionToolchains/gcc-arm-none-eabi-10.3-2021.10/bin/../lib/gcc/arm-none-eabi/13.3.1/thumb/v7e-m+fp/hard\libg.a(libc_a-assert.o)
                0x0800a670                __assert_func
 .text._calloc_r
                0x0800a6b0       0x6c C:/CLionToolchains/gcc-arm-none-eabi-10.3-2021.10/bin/../lib/gcc/arm-none-eabi/13.3.1/thumb/v7e-m+fp/hard\libg.a(libc_a-callocr.o)
                0x0800a6b0                _calloc_r
 .text._realloc_r
                0x0800a71c      0x344 C:/CLionToolchains/gcc-arm-none-eabi-10.3-2021.10/bin/../lib/gcc/arm-none-eabi/13.3.1/thumb/v7e-m+fp/hard\libg.a(libc_a-reallocr.o)
                0x0800a71c                _realloc_r
 .text._wcsnrtombs_l
                0x0800aa60       0xfc C:/CLionToolchains/gcc-arm-none-eabi-10.3-2021.10/bin/../lib/gcc/arm-none-eabi/13.3.1/thumb/v7e-m+fp/hard\libg.a(libc_a-wcsnrtombs.o)
                0x0800aa60                _wcsnrtombs_l
 .text._wcsnrtombs_r
                0x0800ab5c       0x24 C:/CLionToolchains/gcc-arm-none-eabi-10.3-2021.10/bin/../lib/gcc/arm-none-eabi/13.3.1/thumb/v7e-m+fp/hard\libg.a(libc_a-wcsnrtombs.o)
                0x0800ab5c                _wcsnrtombs_r
 .text.fiprintf
                0x0800ab80       0x28 C:/CLionToolchains/gcc-arm-none-eabi-10.3-2021.10/bin/../lib/gcc/arm-none-eabi/13.3.1/thumb/v7e-m+fp/hard\libg.a(libc_a-fiprintf.o)
                0x0800ab80                fiprintf
 .text._vfiprintf_r
                0x0800aba8      0xe68 C:/CLionToolchains/gcc-arm-none-eabi-10.3-2021.10/bin/../lib/gcc/arm-none-eabi/13.3.1/thumb/v7e-m+fp/hard\libg.a(libc_a-vfiprintf.o)
                0x0800aba8                _vfiprintf_r
 .text.__sbprintf
                0x0800ba10       0x80 C:/CLionToolchains/gcc-arm-none-eabi-10.3-2021.10/bin/../lib/gcc/arm-none-eabi/13.3.1/thumb/v7e-m+fp/hard\libg.a(libc_a-vfiprintf.o)
 .text.__sprint_r
                0x0800ba90       0x20 C:/CLionToolchains/gcc-arm-none-eabi-10.3-2021.10/bin/../lib/gcc/arm-none-eabi/13.3.1/thumb/v7e-m+fp/hard\libg.a(libc_a-sprint_r.o)
                0x0800ba90                __sprint_r
 .text.__sfvwrite_r
                0x0800bab0      0x300 C:/CLionToolchains/gcc-arm-none-eabi-10.3-2021.10/bin/../lib/gcc/arm-none-eabi/13.3.1/thumb/v7e-m+fp/hard\libg.a(libc_a-fvwrite.o)
                0x0800bab0                __sfvwrite_r
 .text.__swsetup_r
                0x0800bdb0       0xc4 C:/CLionToolchains/gcc-arm-none-eabi-10.3-2021.10/bin/../lib/gcc/arm-none-eabi/13.3.1/thumb/v7e-m+fp/hard\libg.a(libc_a-wsetup.o)
                0x0800bdb0                __swsetup_r
 .text.abort    0x0800be74       0x10 C:/CLionToolchains/gcc-arm-none-eabi-10.3-2021.10/bin/../lib/gcc/arm-none-eabi/13.3.1/thumb/v7e-m+fp/hard\libg.a(libc_a-abort.o)
                0x0800be74                abort
 .text.__smakebuf_r
                0x0800be84       0xdc C:/CLionToolchains/gcc-arm-none-eabi-10.3-2021.10/bin/../lib/gcc/arm-none-eabi/13.3.1/thumb/v7e-m+fp/hard\libg.a(libc_a-makebuf.o)
                0x0800be84                __smakebuf_r
 .text.raise    0x0800bf60       0x58 C:/CLionToolchains/gcc-arm-none-eabi-10.3-2021.10/bin/../lib/gcc/arm-none-eabi/13.3.1/thumb/v7e-m+fp/hard\libg.a(libc_a-signal.o)
                0x0800bf60                raise
 .text._fstat_r
                0x0800bfb8       0x2c C:/CLionToolchains/gcc-arm-none-eabi-10.3-2021.10/bin/../lib/gcc/arm-none-eabi/13.3.1/thumb/v7e-m+fp/hard\libg.a(libc_a-fstatr.o)
                0x0800bfb8                _fstat_r
 .text._isatty_r
                0x0800bfe4       0x24 C:/CLionToolchains/gcc-arm-none-eabi-10.3-2021.10/bin/../lib/gcc/arm-none-eabi/13.3.1/thumb/v7e-m+fp/hard\libg.a(libc_a-isattyr.o)
                0x0800bfe4                _isatty_r
 .text._kill_r  0x0800c008       0x2c C:/CLionToolchains/gcc-arm-none-eabi-10.3-2021.10/bin/../lib/gcc/arm-none-eabi/13.3.1/thumb/v7e-m+fp/hard\libg.a(libc_a-signalr.o)
                0x0800c008                _kill_r
 .text._getpid_r
                0x0800c034        0x4 C:/CLionToolchains/gcc-arm-none-eabi-10.3-2021.10/bin/../lib/gcc/arm-none-eabi/13.3.1/thumb/v7e-m+fp/hard\libg.a(libc_a-signalr.o)
                0x0800c034                _getpid_r
 *(.glue_7)
 .glue_7        0x0800c038        0x0 linker stubs
 *(.glue_7t)
 .glue_7t       0x0800c038        0x0 linker stubs
 *(.eh_frame)
 .eh_frame      0x0800c038        0x0 C:/CLionToolchains/gcc-arm-none-eabi-10.3-2021.10/bin/../lib/gcc/arm-none-eabi/13.3.1/thumb/v7e-m+fp/hard/crtbegin.o
 *(.init)
 .init          0x0800c038        0x4 C:/CLionToolchains/gcc-arm-none-eabi-10.3-2021.10/bin/../lib/gcc/arm-none-eabi/13.3.1/thumb/v7e-m+fp/hard/crti.o
                0x0800c038                _init
 .init          0x0800c03c        0x8 C:/CLionToolchains/gcc-arm-none-eabi-10.3-2021.10/bin/../lib/gcc/arm-none-eabi/13.3.1/thumb/v7e-m+fp/hard/crtn.o
 *(.fini)
 .fini          0x0800c044        0x4 C:/CLionToolchains/gcc-arm-none-eabi-10.3-2021.10/bin/../lib/gcc/arm-none-eabi/13.3.1/thumb/v7e-m+fp/hard/crti.o
                0x0800c044                _fini
 .fini          0x0800c048        0x8 C:/CLionToolchains/gcc-arm-none-eabi-10.3-2021.10/bin/../lib/gcc/arm-none-eabi/13.3.1/thumb/v7e-m+fp/hard/crtn.o
                0x0800c050                        . = ALIGN (0x4)
                0x0800c050                        _etext = .

.vfp11_veneer   0x0800c050        0x0
 .vfp11_veneer  0x0800c050        0x0 linker stubs

.v4_bx          0x0800c050        0x0
 .v4_bx         0x0800c050        0x0 linker stubs

.iplt           0x0800c050        0x0
 .iplt          0x0800c050        0x0 C:/CLionToolchains/gcc-arm-none-eabi-10.3-2021.10/bin/../lib/gcc/arm-none-eabi/13.3.1/thumb/v7e-m+fp/hard/crtbegin.o

.rodata         0x0800c050      0x51c
                0x0800c050                        . = ALIGN (0x4)
 *(.rodata)
 .rodata        0x0800c050       0xa8 CMakeFiles/bubing_RM2025.elf.dir/Core/Src/freertos.c.obj
 *(.rodata*)
 .rodata.str1.4
                0x0800c0f8      0x20f CMakeFiles/bubing_RM2025.elf.dir/Core/Src/freertos.c.obj
                                 0x50 (size before relaxing)
 *fill*         0x0800c307        0x1 
 .rodata.APBPrescTable
                0x0800c308        0x8 CMakeFiles/bubing_RM2025.elf.dir/Core/Src/system_stm32f4xx.c.obj
                0x0800c308                APBPrescTable
 .rodata.AHBPrescTable
                0x0800c310       0x10 CMakeFiles/bubing_RM2025.elf.dir/Core/Src/system_stm32f4xx.c.obj
                0x0800c310                AHBPrescTable
 .rodata.flagBitshiftOffset.0
                0x0800c320        0x8 CMakeFiles/bubing_RM2025.elf.dir/Drivers/STM32F4xx_HAL_Driver/Src/stm32f4xx_hal_dma.c.obj
 .rodata.vTaskStartScheduler.str1.4
                0x0800c328        0x5 CMakeFiles/bubing_RM2025.elf.dir/Middlewares/Third_Party/FreeRTOS/Source/tasks.c.obj
 .rodata.dm_motor_mode_set.str1.4
                0x0800c328        0x8 CMakeFiles/bubing_RM2025.elf.dir/code_mf/Src/dm_motor.c.obj
 .rodata.uart_sent_debug.str1.4
                0x0800c328        0x6 CMakeFiles/bubing_RM2025.elf.dir/code_mf/Src/uart_sent.c.obj
 .rodata._svfprintf_r.str1.4
                0x0800c328       0x42 C:/CLionToolchains/gcc-arm-none-eabi-10.3-2021.10/bin/../lib/gcc/arm-none-eabi/13.3.1/thumb/v7e-m+fp/hard\libg.a(libc_a-svfprintf.o)
 .rodata.zeroes.0
                0x0800c328       0x10 C:/CLionToolchains/gcc-arm-none-eabi-10.3-2021.10/bin/../lib/gcc/arm-none-eabi/13.3.1/thumb/v7e-m+fp/hard\libg.a(libc_a-svfprintf.o)
 .rodata.blanks.1
                0x0800c338       0x10 C:/CLionToolchains/gcc-arm-none-eabi-10.3-2021.10/bin/../lib/gcc/arm-none-eabi/13.3.1/thumb/v7e-m+fp/hard\libg.a(libc_a-svfprintf.o)
 .rodata.str1.4
                0x0800c348       0x4c C:/CLionToolchains/gcc-arm-none-eabi-10.3-2021.10/bin/../lib/gcc/arm-none-eabi/13.3.1/thumb/v7e-m+fp/hard\libg.a(libc_a-locale.o)
 .rodata._dtoa_r.str1.4
                0x0800c348       0x81 C:/CLionToolchains/gcc-arm-none-eabi-10.3-2021.10/bin/../lib/gcc/arm-none-eabi/13.3.1/thumb/v7e-m+fp/hard\libg.a(libc_a-dtoa.o)
 .rodata.__multadd.str1.4
                0x0800c348       0x6e C:/CLionToolchains/gcc-arm-none-eabi-10.3-2021.10/bin/../lib/gcc/arm-none-eabi/13.3.1/thumb/v7e-m+fp/hard\libg.a(libc_a-mprec.o)
 .rodata.p05.0  0x0800c348        0xc C:/CLionToolchains/gcc-arm-none-eabi-10.3-2021.10/bin/../lib/gcc/arm-none-eabi/13.3.1/thumb/v7e-m+fp/hard\libg.a(libc_a-mprec.o)
 *fill*         0x0800c354        0x4 
 .rodata.__mprec_bigtens
                0x0800c358       0x28 C:/CLionToolchains/gcc-arm-none-eabi-10.3-2021.10/bin/../lib/gcc/arm-none-eabi/13.3.1/thumb/v7e-m+fp/hard\libg.a(libc_a-mprec.o)
                0x0800c358                __mprec_bigtens
 .rodata.__mprec_tens
                0x0800c380       0xc8 C:/CLionToolchains/gcc-arm-none-eabi-10.3-2021.10/bin/../lib/gcc/arm-none-eabi/13.3.1/thumb/v7e-m+fp/hard\libg.a(libc_a-mprec.o)
                0x0800c380                __mprec_tens
 .rodata._ctype_
                0x0800c448      0x101 C:/CLionToolchains/gcc-arm-none-eabi-10.3-2021.10/bin/../lib/gcc/arm-none-eabi/13.3.1/thumb/v7e-m+fp/hard\libg.a(libc_a-ctype_.o)
                0x0800c448                _ctype_
 .rodata.__assert_func.str1.4
                0x0800c549       0x43 C:/CLionToolchains/gcc-arm-none-eabi-10.3-2021.10/bin/../lib/gcc/arm-none-eabi/13.3.1/thumb/v7e-m+fp/hard\libg.a(libc_a-assert.o)
 .rodata._vfiprintf_r.str1.4
                0x0800c549       0x2f C:/CLionToolchains/gcc-arm-none-eabi-10.3-2021.10/bin/../lib/gcc/arm-none-eabi/13.3.1/thumb/v7e-m+fp/hard\libg.a(libc_a-vfiprintf.o)
 *fill*         0x0800c549        0x3 
 .rodata.zeroes.0
                0x0800c54c       0x10 C:/CLionToolchains/gcc-arm-none-eabi-10.3-2021.10/bin/../lib/gcc/arm-none-eabi/13.3.1/thumb/v7e-m+fp/hard\libg.a(libc_a-vfiprintf.o)
 .rodata.blanks.1
                0x0800c55c       0x10 C:/CLionToolchains/gcc-arm-none-eabi-10.3-2021.10/bin/../lib/gcc/arm-none-eabi/13.3.1/thumb/v7e-m+fp/hard\libg.a(libc_a-vfiprintf.o)
                0x0800c56c                        . = ALIGN (0x4)

.ARM.extab      0x0800c56c        0x0
                0x0800c56c                        . = ALIGN (0x4)
 *(.ARM.extab* .gnu.linkonce.armextab.*)
                0x0800c56c                        . = ALIGN (0x4)

.ARM            0x0800c56c        0x8
                0x0800c56c                        . = ALIGN (0x4)
                0x0800c56c                        __exidx_start = .
 *(.ARM.exidx*)
 .ARM.exidx     0x0800c56c        0x8 C:/CLionToolchains/gcc-arm-none-eabi-10.3-2021.10/bin/../lib/gcc/arm-none-eabi/13.3.1/thumb/v7e-m+fp/hard\libg.a(libc_a-memcpy.o)
 .ARM.exidx     0x0800c574        0x0 C:/CLionToolchains/gcc-arm-none-eabi-10.3-2021.10/bin/../lib/gcc/arm-none-eabi/13.3.1/thumb/v7e-m+fp/hard\libg.a(libc_a-memchr.o)
                                  0x8 (size before relaxing)
 .ARM.exidx     0x0800c574        0x0 C:/CLionToolchains/gcc-arm-none-eabi-10.3-2021.10/bin/../lib/gcc/arm-none-eabi/13.3.1/thumb/v7e-m+fp/hard\libg.a(libc_a-strlen.o)
                                  0x8 (size before relaxing)
 .ARM.exidx.text.__udivmoddi4
                0x0800c574        0x0 C:/CLionToolchains/gcc-arm-none-eabi-10.3-2021.10/bin/../lib/gcc/arm-none-eabi/13.3.1/thumb/v7e-m+fp/hard\libgcc.a(_udivmoddi4.o)
                                  0x8 (size before relaxing)
                0x0800c574                        __exidx_end = .
                0x0800c574                        . = ALIGN (0x4)

.preinit_array  0x0800c574        0x0
                0x0800c574                        . = ALIGN (0x4)
                0x0800c574                        PROVIDE (__preinit_array_start = .)
 *(.preinit_array*)
                0x0800c574                        PROVIDE (__preinit_array_end = .)
                0x0800c574                        . = ALIGN (0x4)

.init_array     0x0800c574        0x8
                0x0800c574                        . = ALIGN (0x4)
                0x0800c574                        PROVIDE (__init_array_start = .)
 *(SORT_BY_NAME(.init_array.*))
 .init_array.00000
                0x0800c574        0x4 C:/CLionToolchains/gcc-arm-none-eabi-10.3-2021.10/bin/../lib/gcc/arm-none-eabi/13.3.1/thumb/v7e-m+fp/hard\libg.a(libc_a-__call_atexit.o)
 *(.init_array*)
 .init_array    0x0800c578        0x4 C:/CLionToolchains/gcc-arm-none-eabi-10.3-2021.10/bin/../lib/gcc/arm-none-eabi/13.3.1/thumb/v7e-m+fp/hard/crtbegin.o
                0x0800c57c                        PROVIDE (__init_array_end = .)
                0x0800c57c                        . = ALIGN (0x4)

.fini_array     0x0800c57c        0x4
                0x0800c57c                        . = ALIGN (0x4)
                0x0800c57c                        PROVIDE (__fini_array_start = .)
 *(SORT_BY_NAME(.fini_array.*))
 *(.fini_array*)
 .fini_array    0x0800c57c        0x4 C:/CLionToolchains/gcc-arm-none-eabi-10.3-2021.10/bin/../lib/gcc/arm-none-eabi/13.3.1/thumb/v7e-m+fp/hard/crtbegin.o
                0x0800c580                        PROVIDE (__fini_array_end = .)
                0x0800c580                        . = ALIGN (0x4)
                0x0800c580                        _sidata = LOADADDR (.data)

.rel.dyn        0x0800c580        0x0
 .rel.iplt      0x0800c580        0x0 C:/CLionToolchains/gcc-arm-none-eabi-10.3-2021.10/bin/../lib/gcc/arm-none-eabi/13.3.1/thumb/v7e-m+fp/hard/crtbegin.o

.data           0x20000000      0x6e4 load address 0x0800c580
                0x20000000                        . = ALIGN (0x4)
                0x20000000                        _sdata = .
 *(.data)
 *(.data*)
 .data.SystemCoreClock
                0x20000000        0x4 CMakeFiles/bubing_RM2025.elf.dir/Core/Src/system_stm32f4xx.c.obj
                0x20000000                SystemCoreClock
 .data.uwTickFreq
                0x20000004        0x1 CMakeFiles/bubing_RM2025.elf.dir/Drivers/STM32F4xx_HAL_Driver/Src/stm32f4xx_hal.c.obj
                0x20000004                uwTickFreq
 *fill*         0x20000005        0x3 
 .data.uwTickPrio
                0x20000008        0x4 CMakeFiles/bubing_RM2025.elf.dir/Drivers/STM32F4xx_HAL_Driver/Src/stm32f4xx_hal.c.obj
                0x20000008                uwTickPrio
 .data.uxCriticalNesting
                0x2000000c        0x4 CMakeFiles/bubing_RM2025.elf.dir/Middlewares/Third_Party/FreeRTOS/Source/portable/GCC/ARM_CM4F/port.c.obj
 .data.__sglue  0x20000010        0xc C:/CLionToolchains/gcc-arm-none-eabi-10.3-2021.10/bin/../lib/gcc/arm-none-eabi/13.3.1/thumb/v7e-m+fp/hard\libg.a(libc_a-findfp.o)
                0x20000010                __sglue
 .data._impure_ptr
                0x2000001c        0x4 C:/CLionToolchains/gcc-arm-none-eabi-10.3-2021.10/bin/../lib/gcc/arm-none-eabi/13.3.1/thumb/v7e-m+fp/hard\libg.a(libc_a-impure.o)
                0x2000001c                _impure_ptr
 .data._impure_data
                0x20000020      0x140 C:/CLionToolchains/gcc-arm-none-eabi-10.3-2021.10/bin/../lib/gcc/arm-none-eabi/13.3.1/thumb/v7e-m+fp/hard\libg.a(libc_a-impure.o)
                0x20000020                _impure_data
 .data.__atexit_recursive_mutex
                0x20000160        0x4 C:/CLionToolchains/gcc-arm-none-eabi-10.3-2021.10/bin/../lib/gcc/arm-none-eabi/13.3.1/thumb/v7e-m+fp/hard\libg.a(libc_a-__call_atexit.o)
                0x20000160                __atexit_recursive_mutex
 .data.__malloc_sbrk_base
                0x20000164        0x4 C:/CLionToolchains/gcc-arm-none-eabi-10.3-2021.10/bin/../lib/gcc/arm-none-eabi/13.3.1/thumb/v7e-m+fp/hard\libg.a(libc_a-mallocr.o)
                0x20000164                __malloc_sbrk_base
 .data.__malloc_trim_threshold
                0x20000168        0x4 C:/CLionToolchains/gcc-arm-none-eabi-10.3-2021.10/bin/../lib/gcc/arm-none-eabi/13.3.1/thumb/v7e-m+fp/hard\libg.a(libc_a-mallocr.o)
                0x20000168                __malloc_trim_threshold
 *fill*         0x2000016c        0x4 
 .data.__malloc_av_
                0x20000170      0x408 C:/CLionToolchains/gcc-arm-none-eabi-10.3-2021.10/bin/../lib/gcc/arm-none-eabi/13.3.1/thumb/v7e-m+fp/hard\libg.a(libc_a-mallocr.o)
                0x20000170                __malloc_av_
 .data.__global_locale
                0x20000578      0x16c C:/CLionToolchains/gcc-arm-none-eabi-10.3-2021.10/bin/../lib/gcc/arm-none-eabi/13.3.1/thumb/v7e-m+fp/hard\libg.a(libc_a-locale.o)
                0x20000578                __global_locale
 *(.RamFunc)
 *(.RamFunc*)
                0x200006e4                        . = ALIGN (0x4)
                0x200006e4                        _edata = .
                0x0800cc64                        _siccmram = LOADADDR (.ccmram)

.tm_clone_table
                0x200006e4        0x0 load address 0x0800cc64
 .tm_clone_table
                0x200006e4        0x0 C:/CLionToolchains/gcc-arm-none-eabi-10.3-2021.10/bin/../lib/gcc/arm-none-eabi/13.3.1/thumb/v7e-m+fp/hard/crtbegin.o
 .tm_clone_table
                0x200006e4        0x0 C:/CLionToolchains/gcc-arm-none-eabi-10.3-2021.10/bin/../lib/gcc/arm-none-eabi/13.3.1/thumb/v7e-m+fp/hard/crtend.o

.igot.plt       0x200006e4        0x0 load address 0x0800cc64
 .igot.plt      0x200006e4        0x0 C:/CLionToolchains/gcc-arm-none-eabi-10.3-2021.10/bin/../lib/gcc/arm-none-eabi/13.3.1/thumb/v7e-m+fp/hard/crtbegin.o

.ccmram         0x10000000        0x0 load address 0x0800cc64
                0x10000000                        . = ALIGN (0x4)
                0x10000000                        _sccmram = .
 *(.ccmram)
 *(.ccmram*)
                0x10000000                        . = ALIGN (0x4)
                0x10000000                        _eccmram = .
                0x10000000                        . = ALIGN (0x4)

.bss            0x200006e8     0x4ad8
                0x200006e8                        _sbss = .
                0x200006e8                        __bss_start__ = _sbss
 *(.bss)
 *(.bss*)
 .bss.completed.1
                0x200006e8        0x1 C:/CLionToolchains/gcc-arm-none-eabi-10.3-2021.10/bin/../lib/gcc/arm-none-eabi/13.3.1/thumb/v7e-m+fp/hard/crtbegin.o
 *fill*         0x200006e9        0x3 
 .bss.object.0  0x200006ec       0x18 C:/CLionToolchains/gcc-arm-none-eabi-10.3-2021.10/bin/../lib/gcc/arm-none-eabi/13.3.1/thumb/v7e-m+fp/hard/crtbegin.o
 .bss.HAL_RCC_CAN1_CLK_ENABLED
                0x20000704        0x4 CMakeFiles/bubing_RM2025.elf.dir/Core/Src/can.c.obj
 .bss.hcan2     0x20000708       0x28 CMakeFiles/bubing_RM2025.elf.dir/Core/Src/can.c.obj
                0x20000708                hcan2
 .bss.hcan1     0x20000730       0x28 CMakeFiles/bubing_RM2025.elf.dir/Core/Src/can.c.obj
                0x20000730                hcan1
 .bss.xIdleStack
                0x20000758      0x200 CMakeFiles/bubing_RM2025.elf.dir/Core/Src/freertos.c.obj
 .bss.xIdleTaskTCBBuffer
                0x20000958      0x198 CMakeFiles/bubing_RM2025.elf.dir/Core/Src/freertos.c.obj
 .bss.dmmotorHandle
                0x20000af0        0x4 CMakeFiles/bubing_RM2025.elf.dir/Core/Src/freertos.c.obj
                0x20000af0                dmmotorHandle
 .bss.can_sent_taskHandle
                0x20000af4        0x4 CMakeFiles/bubing_RM2025.elf.dir/Core/Src/freertos.c.obj
                0x20000af4                can_sent_taskHandle
 .bss.get_rc_taskHandle
                0x20000af8        0x4 CMakeFiles/bubing_RM2025.elf.dir/Core/Src/freertos.c.obj
                0x20000af8                get_rc_taskHandle
 .bss.uart_sent_testHandle
                0x20000afc        0x4 CMakeFiles/bubing_RM2025.elf.dir/Core/Src/freertos.c.obj
                0x20000afc                uart_sent_testHandle
 .bss.board_LED_taskHandle
                0x20000b00        0x4 CMakeFiles/bubing_RM2025.elf.dir/Core/Src/freertos.c.obj
                0x20000b00                board_LED_taskHandle
 .bss.defaultTaskHandle
                0x20000b04        0x4 CMakeFiles/bubing_RM2025.elf.dir/Core/Src/freertos.c.obj
                0x20000b04                defaultTaskHandle
 .bss.mouse_press_r
                0x20000b08        0x2 CMakeFiles/bubing_RM2025.elf.dir/Core/Src/main.c.obj
                0x20000b08                mouse_press_r
 .bss.mouse_press_l
                0x20000b0a        0x2 CMakeFiles/bubing_RM2025.elf.dir/Core/Src/main.c.obj
                0x20000b0a                mouse_press_l
 .bss.mouse_vy  0x20000b0c        0x2 CMakeFiles/bubing_RM2025.elf.dir/Core/Src/main.c.obj
                0x20000b0c                mouse_vy
 .bss.mouse_vx  0x20000b0e        0x2 CMakeFiles/bubing_RM2025.elf.dir/Core/Src/main.c.obj
                0x20000b0e                mouse_vx
 .bss.key_B     0x20000b10        0x2 CMakeFiles/bubing_RM2025.elf.dir/Core/Src/main.c.obj
                0x20000b10                key_B
 .bss.key_V     0x20000b12        0x2 CMakeFiles/bubing_RM2025.elf.dir/Core/Src/main.c.obj
                0x20000b12                key_V
 .bss.key_C     0x20000b14        0x2 CMakeFiles/bubing_RM2025.elf.dir/Core/Src/main.c.obj
                0x20000b14                key_C
 .bss.key_X     0x20000b16        0x2 CMakeFiles/bubing_RM2025.elf.dir/Core/Src/main.c.obj
                0x20000b16                key_X
 .bss.key_Z     0x20000b18        0x2 CMakeFiles/bubing_RM2025.elf.dir/Core/Src/main.c.obj
                0x20000b18                key_Z
 .bss.key_G     0x20000b1a        0x2 CMakeFiles/bubing_RM2025.elf.dir/Core/Src/main.c.obj
                0x20000b1a                key_G
 .bss.key_F     0x20000b1c        0x2 CMakeFiles/bubing_RM2025.elf.dir/Core/Src/main.c.obj
                0x20000b1c                key_F
 .bss.key_R     0x20000b1e        0x2 CMakeFiles/bubing_RM2025.elf.dir/Core/Src/main.c.obj
                0x20000b1e                key_R
 .bss.key_E     0x20000b20        0x2 CMakeFiles/bubing_RM2025.elf.dir/Core/Src/main.c.obj
                0x20000b20                key_E
 .bss.key_Q     0x20000b22        0x2 CMakeFiles/bubing_RM2025.elf.dir/Core/Src/main.c.obj
                0x20000b22                key_Q
 .bss.key_CTRL  0x20000b24        0x2 CMakeFiles/bubing_RM2025.elf.dir/Core/Src/main.c.obj
                0x20000b24                key_CTRL
 .bss.key_SHIFT
                0x20000b26        0x2 CMakeFiles/bubing_RM2025.elf.dir/Core/Src/main.c.obj
                0x20000b26                key_SHIFT
 .bss.key_D     0x20000b28        0x2 CMakeFiles/bubing_RM2025.elf.dir/Core/Src/main.c.obj
                0x20000b28                key_D
 .bss.key_A     0x20000b2a        0x2 CMakeFiles/bubing_RM2025.elf.dir/Core/Src/main.c.obj
                0x20000b2a                key_A
 .bss.key_S     0x20000b2c        0x2 CMakeFiles/bubing_RM2025.elf.dir/Core/Src/main.c.obj
                0x20000b2c                key_S
 .bss.key_W     0x20000b2e        0x2 CMakeFiles/bubing_RM2025.elf.dir/Core/Src/main.c.obj
                0x20000b2e                key_W
 .bss.rc_s1     0x20000b30        0x2 CMakeFiles/bubing_RM2025.elf.dir/Core/Src/main.c.obj
                0x20000b30                rc_s1
 .bss.rc_s0     0x20000b32        0x2 CMakeFiles/bubing_RM2025.elf.dir/Core/Src/main.c.obj
                0x20000b32                rc_s0
 .bss.rc_ch4    0x20000b34        0x2 CMakeFiles/bubing_RM2025.elf.dir/Core/Src/main.c.obj
                0x20000b34                rc_ch4
 .bss.rc_ch3    0x20000b36        0x2 CMakeFiles/bubing_RM2025.elf.dir/Core/Src/main.c.obj
                0x20000b36                rc_ch3
 .bss.rc_ch2    0x20000b38        0x2 CMakeFiles/bubing_RM2025.elf.dir/Core/Src/main.c.obj
                0x20000b38                rc_ch2
 .bss.rc_ch1    0x20000b3a        0x2 CMakeFiles/bubing_RM2025.elf.dir/Core/Src/main.c.obj
                0x20000b3a                rc_ch1
 .bss.rc_ch0    0x20000b3c        0x2 CMakeFiles/bubing_RM2025.elf.dir/Core/Src/main.c.obj
                0x20000b3c                rc_ch0
 *fill*         0x20000b3e        0x2 
 .bss.local_rc_ctrl
                0x20000b40        0x4 CMakeFiles/bubing_RM2025.elf.dir/Core/Src/main.c.obj
                0x20000b40                local_rc_ctrl
 .bss.hspi1     0x20000b44       0x58 CMakeFiles/bubing_RM2025.elf.dir/Core/Src/spi.c.obj
                0x20000b44                hspi1
 .bss.htim7     0x20000b9c       0x48 CMakeFiles/bubing_RM2025.elf.dir/Core/Src/stm32f4xx_hal_timebase_tim.c.obj
                0x20000b9c                htim7
 .bss.__sbrk_heap_end
                0x20000be4        0x4 CMakeFiles/bubing_RM2025.elf.dir/Core/Src/sysmem.c.obj
 .bss.htim8     0x20000be8       0x48 CMakeFiles/bubing_RM2025.elf.dir/Core/Src/tim.c.obj
                0x20000be8                htim8
 .bss.htim1     0x20000c30       0x48 CMakeFiles/bubing_RM2025.elf.dir/Core/Src/tim.c.obj
                0x20000c30                htim1
 .bss.hdma_usart6_rx
                0x20000c78       0x60 CMakeFiles/bubing_RM2025.elf.dir/Core/Src/usart.c.obj
                0x20000c78                hdma_usart6_rx
 .bss.hdma_usart6_tx
                0x20000cd8       0x60 CMakeFiles/bubing_RM2025.elf.dir/Core/Src/usart.c.obj
                0x20000cd8                hdma_usart6_tx
 .bss.hdma_usart3_rx
                0x20000d38       0x60 CMakeFiles/bubing_RM2025.elf.dir/Core/Src/usart.c.obj
                0x20000d38                hdma_usart3_rx
 .bss.hdma_usart1_tx
                0x20000d98       0x60 CMakeFiles/bubing_RM2025.elf.dir/Core/Src/usart.c.obj
                0x20000d98                hdma_usart1_tx
 .bss.hdma_usart1_rx
                0x20000df8       0x60 CMakeFiles/bubing_RM2025.elf.dir/Core/Src/usart.c.obj
                0x20000df8                hdma_usart1_rx
 .bss.huart6    0x20000e58       0x48 CMakeFiles/bubing_RM2025.elf.dir/Core/Src/usart.c.obj
                0x20000e58                huart6
 .bss.huart3    0x20000ea0       0x48 CMakeFiles/bubing_RM2025.elf.dir/Core/Src/usart.c.obj
                0x20000ea0                huart3
 .bss.huart1    0x20000ee8       0x48 CMakeFiles/bubing_RM2025.elf.dir/Core/Src/usart.c.obj
                0x20000ee8                huart1